tar: Ignoring unknown extended header keyword 'LIBARCHIVE.xattr.com.apple.provenance'
tar: Ignoring unknown extended header keyword 'LIBARCHIVE.xattr.com.apple.provenance'
tar: Ignoring unknown extended header keyword 'LIBARCHIVE.xattr.com.apple.provenance'
tar: Ignoring unknown extended header keyword 'LIBARCHIVE.xattr.com.apple.provenance'
tar: Ignoring unknown extended header keyword 'LIBARCHIVE.xattr.com.apple.provenance'
tar: Ignoring unknown extended header keyword 'LIBARCHIVE.xattr.com.apple.provenance'
tar: Ignoring unknown extended header keyword 'LIBARCHIVE.xattr.com.apple.provenance'
tar: Ignoring unknown extended header keyword 'LIBARCHIVE.xattr.com.apple.provenance'
tar: Ignoring unknown extended header keyword 'LIBARCHIVE.xattr.com.apple.provenance'
tar: Ignoring unknown extended header keyword 'LIBARCHIVE.xattr.com.apple.provenance'
tar: Ignoring unknown extended header keyword 'LIBARCHIVE.xattr.com.apple.provenance'
tar: Ignoring unknown extended header keyword 'LIBARCHIVE.xattr.com.apple.provenance'
tar: Ignoring unknown extended header keyword 'LIBARCHIVE.xattr.com.apple.provenance'
tar: Ignoring unknown extended header keyword 'LIBARCHIVE.xattr.com.apple.provenance'
tar: Ignoring unknown extended header keyword 'LIBARCHIVE.xattr.com.apple.provenance'
/workspace/alpamayo1.5/a1_5_venv/lib/python3.12/site-packages/transformers/utils/hub.py:110: FutureWarning: Using `TRANSFORMERS_CACHE` is deprecated and will be removed in v5 of Transformers. Use `HF_HOME` instead.
  warnings.warn(
/workspace/0xdriver-artifacts/alpamayo-carla-live/task039-live-capture/carla_inference.py:82: UserWarning: The given buffer is not writable, and PyTorch does not support non-writable tensors. This means you can write to the underlying (supposedly non-writable) buffer using the tensor. You may want to copy the buffer to protect its data or make it writable before converting it to a tensor. This type of warning will be suppressed for the rest of this program. (Triggered internally at /pytorch/torch/csrc/utils/tensor_new.cpp:1578.)
  tensor = torch.frombuffer(raw, dtype=torch.uint8)
Loading checkpoint shards:   0%|          | 0/5 [00:00<?, ?it/s]Loading checkpoint shards:  20%|██        | 1/5 [00:01<00:04,  1.18s/it]Loading checkpoint shards:  40%|████      | 2/5 [00:02<00:03,  1.10s/it]Loading checkpoint shards:  60%|██████    | 3/5 [00:03<00:02,  1.03s/it]Loading checkpoint shards:  80%|████████  | 4/5 [00:04<00:01,  1.12s/it]Loading checkpoint shards: 100%|██████████| 5/5 [00:05<00:00,  1.04it/s]Loading checkpoint shards: 100%|██████████| 5/5 [00:05<00:00,  1.02s/it]
bash: line 1: rsync: command not found
rsync(63789): error: unexpected end of file
rsync pullback failed; falling back to ssh tar stream.
{
  "policy_decision": {
    "policy_id": "alpamayo-live",
    "adapter_kind": "alpamayo_open_loop",
    "intent": {
      "scene_type": "alpamayo_carla_capture:carla_live_alpamayo_capture",
      "hazards": [
        "open-loop live Alpamayo trajectory"
      ],
      "ego_intent": "evaluate Alpamayo trajectory intent without closed-loop actuation",
      "target_behavior": "open_loop_trajectory_eval",
      "speed_profile": "trajectory_chunk",
      "lateral_bias": "center",
      "uncertainty": 0.4
    },
    "action": {
      "mode": "trajectory_chunk_open_loop",
      "trajectory": {
        "points_xy": [
          [
            -0.0043,
            -0.0
          ],
          [
            -0.0202,
            -0.0
          ],
          [
            -0.0544,
            -0.0
          ],
          [
            -0.1127,
            0.0
          ],
          [
            -0.2079,
            0.0
          ],
          [
            -0.3438,
            0.0
          ],
          [
            -0.523,
            0.0001
          ],
          [
            -0.7392,
            0.0002
          ],
          [
            -0.992,
            0.0004
          ],
          [
            -1.2732,
            0.0007
          ],
          [
            -1.5786,
            0.0012
          ],
          [
            -1.8995,
            0.002
          ],
          [
            -2.2317,
            0.0031
          ],
          [
            -2.5672,
            0.0044
          ],
          [
            -2.887,
            0.0059
          ],
          [
            -3.1744,
            0.0074
          ],
          [
            -3.4166,
            0.0088
          ],
          [
            -3.6078,
            0.01
          ],
          [
            -3.7277,
            0.0107
          ],
          [
            -3.7665,
            0.011
          ]
        ],
        "source": "alpamayo_live_open_loop",
        "score": 0.0,
        "metadata": {
          "native_steps": 64,
          "native_hz": 10.0,
          "target_steps": 20,
          "target_hz": 4.0,
          "batch_index": 0,
          "set_index": 0,
          "sample_index": 0,
          "reasoning": "[[['Accelerate to proceed through the intersection since the traffic light turns green']]]"
        }
      },
      "control": {
        "target_speed_mps": 0.0636,
        "closed_loop_control": false,
        "open_loop_policy_evaluation": true,
        "model_latency_ms": 99795.97,
        "vram_peak_mb": 23235.75
      },
      "safety_notes": [
        "Alpamayo output is evaluated as trajectory intent only; CARLA steering is not enabled in TASK-039.",
        "Trajectory is converted from native 64x3 at 10Hz to DriverX 20x2 at 4Hz."
      ]
    },
    "latency_ms": 99795.97,
    "reason_summary": "[[['Accelerate to proceed through the intersection since the traffic light turns green']]]",
    "retrieved_memory_ids": [],
    "setup_blocker": null
  },
  "tensor_manifest": {
    "frame_name": "carla_live_alpamayo_capture",
    "source_package": "artifacts/runs/task51-live-alpamayo-capture/alpamayo_carla_input_package.json",
    "image_root": null,
    "camera_indices": [
      0,
      1,
      2
    ],
    "image_frames_shape": [
      3,
      4,
      3,
      90,
      160
    ],
    "camera_indices_shape": [
      3
    ],
    "ego_history_xyz_shape": [
      1,
      1,
      16,
      3
    ],
    "ego_history_rot_shape": [
      1,
      1,
      16,
      3,
      3
    ],
    "materialized_frames": [
      {
        "camera_index": 0,
        "frame_index": 0,
        "original_path": "artifacts/runs/task51-live-alpamayo-capture/images/camera_0_frame_000.png",
        "resolved_path": "/Users/kenjipcx/SOTA/0xDriver/artifacts/runs/task51-live-alpamayo-capture/images/camera_0_frame_000.png",
        "width": 160,
        "height": 90,
        "file_width": 160,
        "file_height": 90
      },
      {
        "camera_index": 0,
        "frame_index": 1,
        "original_path": "artifacts/runs/task51-live-alpamayo-capture/images/camera_0_frame_001.png",
        "resolved_path": "/Users/kenjipcx/SOTA/0xDriver/artifacts/runs/task51-live-alpamayo-capture/images/camera_0_frame_001.png",
        "width": 160,
        "height": 90,
        "file_width": 160,
        "file_height": 90
      },
      {
        "camera_index": 0,
        "frame_index": 2,
        "original_path": "artifacts/runs/task51-live-alpamayo-capture/images/camera_0_frame_002.png",
        "resolved_path": "/Users/kenjipcx/SOTA/0xDriver/artifacts/runs/task51-live-alpamayo-capture/images/camera_0_frame_002.png",
        "width": 160,
        "height": 90,
        "file_width": 160,
        "file_height": 90
      },
      {
        "camera_index": 0,
        "frame_index": 3,
        "original_path": "artifacts/runs/task51-live-alpamayo-capture/images/camera_0_frame_003.png",
        "resolved_path": "/Users/kenjipcx/SOTA/0xDriver/artifacts/runs/task51-live-alpamayo-capture/images/camera_0_frame_003.png",
        "width": 160,
        "height": 90,
        "file_width": 160,
        "file_height": 90
      },
      {
        "camera_index": 1,
        "frame_index": 0,
        "original_path": "artifacts/runs/task51-live-alpamayo-capture/images/camera_1_frame_000.png",
        "resolved_path": "/Users/kenjipcx/SOTA/0xDriver/artifacts/runs/task51-live-alpamayo-capture/images/camera_1_frame_000.png",
        "width": 160,
        "height": 90,
        "file_width": 160,
        "file_height": 90
      },
      {
        "camera_index": 1,
        "frame_index": 1,
        "original_path": "artifacts/runs/task51-live-alpamayo-capture/images/camera_1_frame_001.png",
        "resolved_path": "/Users/kenjipcx/SOTA/0xDriver/artifacts/runs/task51-live-alpamayo-capture/images/camera_1_frame_001.png",
        "width": 160,
        "height": 90,
        "file_width": 160,
        "file_height": 90
      },
      {
        "camera_index": 1,
        "frame_index": 2,
        "original_path": "artifacts/runs/task51-live-alpamayo-capture/images/camera_1_frame_002.png",
        "resolved_path": "/Users/kenjipcx/SOTA/0xDriver/artifacts/runs/task51-live-alpamayo-capture/images/camera_1_frame_002.png",
        "width": 160,
        "height": 90,
        "file_width": 160,
        "file_height": 90
      },
      {
        "camera_index": 1,
        "frame_index": 3,
        "original_path": "artifacts/runs/task51-live-alpamayo-capture/images/camera_1_frame_003.png",
        "resolved_path": "/Users/kenjipcx/SOTA/0xDriver/artifacts/runs/task51-live-alpamayo-capture/images/camera_1_frame_003.png",
        "width": 160,
        "height": 90,
        "file_width": 160,
        "file_height": 90
      },
      {
        "camera_index": 2,
        "frame_index": 0,
        "original_path": "artifacts/runs/task51-live-alpamayo-capture/images/camera_2_frame_000.png",
        "resolved_path": "/Users/kenjipcx/SOTA/0xDriver/artifacts/runs/task51-live-alpamayo-capture/images/camera_2_frame_000.png",
        "width": 160,
        "height": 90,
        "file_width": 160,
        "file_height": 90
      },
      {
        "camera_index": 2,
        "frame_index": 1,
        "original_path": "artifacts/runs/task51-live-alpamayo-capture/images/camera_2_frame_001.png",
        "resolved_path": "/Users/kenjipcx/SOTA/0xDriver/artifacts/runs/task51-live-alpamayo-capture/images/camera_2_frame_001.png",
        "width": 160,
        "height": 90,
        "file_width": 160,
        "file_height": 90
      },
      {
        "camera_index": 2,
        "frame_index": 2,
        "original_path": "artifacts/runs/task51-live-alpamayo-capture/images/camera_2_frame_002.png",
        "resolved_path": "/Users/kenjipcx/SOTA/0xDriver/artifacts/runs/task51-live-alpamayo-capture/images/camera_2_frame_002.png",
        "width": 160,
        "height": 90,
        "file_width": 160,
        "file_height": 90
      },
      {
        "camera_index": 2,
        "frame_index": 3,
        "original_path": "artifacts/runs/task51-live-alpamayo-capture/images/camera_2_frame_003.png",
        "resolved_path": "/Users/kenjipcx/SOTA/0xDriver/artifacts/runs/task51-live-alpamayo-capture/images/camera_2_frame_003.png",
        "width": 160,
        "height": 90,
        "file_width": 160,
        "file_height": 90
      }
    ],
    "nav_text": null,
    "memory_context_count": 0,
    "torch_ready": true,
    "validation_errors": [],
    "warnings": [],
    "torch_loader_contract": {
      "image_frames": {
        "shape": [
          3,
          4,
          3,
          90,
          160
        ],
        "dtype": "torch.float32",
        "layout": "[num_cameras, num_frames, channels, height, width]",
        "normalization": "RGB pixels converted to float32 in [0, 1]",
        "loader_note": "Use driverx.policies.load_alpamayo_torch_tensors(...) in the remote Alpamayo environment."
      },
      "camera_indices": {
        "shape": [
          3
        ],
        "dtype": "torch.long",
        "values": [
          0,
          1,
          2
        ]
      },
      "ego_history_xyz": {
        "shape": [
          1,
          1,
          16,
          3
        ],
        "dtype": "torch.float32"
      },
      "ego_history_rot": {
        "shape": [
          1,
          1,
          16,
          3,
          3
        ],
        "dtype": "torch.float32"
      },
      "message_context": {
        "nav_text": null,
        "memory_context_count": 0,
        "rule": "DriverX memory is prompt-side context only; it must not alter Alpamayo weights."
      }
    }
  },
  "prediction_summary": {
    "prediction_json": "tickets/TASK-039/artifacts/live-capture/alpamayo_live_prediction.json",
    "model_id": "nvidia/Alpamayo-1.5-10B",
    "run_id": "task039-live-capture",
    "latency_ms": 99795.97,
    "vram_peak_mb": 23235.75,
    "output_shapes": {
      "pred_xyz": [
        1,
        1,
        1,
        64,
        3
      ],
      "pred_rot": [
        1,
        1,
        1,
        64,
        3,
        3
      ],
      "extra.cot": [
        1,
        1,
        1
      ]
    },
    "cot_summary": "[[['Accelerate to proceed through the intersection since the traffic light turns green']]]"
  },
  "open_loop_policy_evaluation": true,
  "manifest_path": "tickets/TASK-039/artifacts/live-capture-summary/alpamayo_tensor_manifest.json",
  "run_dir": "tickets/TASK-039/artifacts/live-capture-summary",
  "json_path": "tickets/TASK-039/artifacts/live-capture-summary/alpamayo_policy_decision.json",
  "report_path": "tickets/TASK-039/artifacts/live-capture-summary/alpamayo_policy_report.md"
}
