#0 building with "desktop-linux" instance using docker driver

#1 [internal] load build definition from fail2drive-client.Dockerfile
#1 transferring dockerfile: 1.49kB done
#1 DONE 0.0s

#2 [internal] load metadata for docker.io/library/python:3.10-bullseye
#2 DONE 0.1s

#3 [internal] load .dockerignore
#3 transferring context: 208B done
#3 DONE 0.0s

#4 [1/5] FROM docker.io/library/python:3.10-bullseye@sha256:65c6bdcca22db1a3468a0262ae05f38a0a718f51e9818cd09c12094aaae28a33
#4 resolve docker.io/library/python:3.10-bullseye@sha256:65c6bdcca22db1a3468a0262ae05f38a0a718f51e9818cd09c12094aaae28a33 done
#4 DONE 0.0s

#5 [2/5] WORKDIR /workspace/0xDriver
#5 CACHED

#6 [3/5] RUN apt-get update     && apt-get install -y --no-install-recommends       libglib2.0-0       libsm6       libxext6       libxrender1     && rm -rf /var/lib/apt/lists/*
#6 0.516 Get:1 http://deb.debian.org/debian bullseye InRelease [75.1 kB]
#6 0.754 Get:2 http://deb.debian.org/debian-security bullseye-security InRelease [27.2 kB]
#6 0.867 Get:3 http://deb.debian.org/debian bullseye-updates InRelease [44.0 kB]
#6 1.775 Get:4 http://deb.debian.org/debian bullseye/main amd64 Packages [8066 kB]
#6 7.001 Get:5 http://deb.debian.org/debian-security bullseye-security/main amd64 Packages [451 kB]
#6 7.201 Get:6 http://deb.debian.org/debian bullseye-updates/main amd64 Packages [18.8 kB]
#6 7.621 Fetched 8682 kB in 7s (1193 kB/s)
#6 7.621 Reading package lists...
#6 8.091 Reading package lists...
#6 8.483 Building dependency tree...
#6 8.616 Reading state information...
#6 8.727 libsm6 is already the newest version (2:1.2.3-1).
#6 8.727 libsm6 set to manually installed.
#6 8.727 libxext6 is already the newest version (2:1.3.3-1.1).
#6 8.727 libxext6 set to manually installed.
#6 8.727 libxrender1 is already the newest version (1:0.9.10-1).
#6 8.727 libxrender1 set to manually installed.
#6 8.727 Suggested packages:
#6 8.727   libgirepository1.0-dev libglib2.0-doc libxml2-utils
#6 8.727 Recommended packages:
#6 8.727   xdg-user-dirs
#6 8.770 The following packages will be upgraded:
#6 8.770   libglib2.0-0 libglib2.0-bin libglib2.0-dev libglib2.0-dev-bin
#6 8.963 4 upgraded, 0 newly installed, 0 to remove and 74 not upgraded.
#6 8.963 Need to get 3285 kB of archives.
#6 8.963 After this operation, 3072 B of additional disk space will be used.
#6 8.963 Get:1 http://deb.debian.org/debian-security bullseye-security/main amd64 libglib2.0-dev amd64 2.66.8-1+deb11u8 [1584 kB]
#6 10.31 Get:2 http://deb.debian.org/debian-security bullseye-security/main amd64 libglib2.0-dev-bin amd64 2.66.8-1+deb11u8 [182 kB]
#6 10.52 Get:3 http://deb.debian.org/debian-security bullseye-security/main amd64 libglib2.0-bin amd64 2.66.8-1+deb11u8 [143 kB]
#6 10.56 Get:4 http://deb.debian.org/debian-security bullseye-security/main amd64 libglib2.0-0 amd64 2.66.8-1+deb11u8 [1377 kB]
#6 11.69 debconf: delaying package configuration, since apt-utils is not installed
#6 11.76 Fetched 3285 kB in 3s (1225 kB/s)
#6 11.83 (Reading database ... (Reading database ... 5%(Reading database ... 10%(Reading database ... 15%(Reading database ... 20%(Reading database ... 25%(Reading database ... 30%(Reading database ... 35%(Reading database ... 40%(Reading database ... 45%(Reading database ... 50%(Reading database ... 55%(Reading database ... 60%(Reading database ... 65%(Reading database ... 70%(Reading database ... 75%(Reading database ... 80%(Reading database ... 85%(Reading database ... 90%(Reading database ... 95%(Reading database ... 100%(Reading database ... 23433 files and directories currently installed.)
#6 11.90 Preparing to unpack .../libglib2.0-dev_2.66.8-1+deb11u8_amd64.deb ...
#6 11.91 Unpacking libglib2.0-dev:amd64 (2.66.8-1+deb11u8) over (2.66.8-1+deb11u6) ...
#6 12.50 Preparing to unpack .../libglib2.0-dev-bin_2.66.8-1+deb11u8_amd64.deb ...
#6 12.77 Unpacking libglib2.0-dev-bin (2.66.8-1+deb11u8) over (2.66.8-1+deb11u6) ...
#6 12.92 Preparing to unpack .../libglib2.0-bin_2.66.8-1+deb11u8_amd64.deb ...
#6 12.92 Unpacking libglib2.0-bin (2.66.8-1+deb11u8) over (2.66.8-1+deb11u6) ...
#6 13.03 Preparing to unpack .../libglib2.0-0_2.66.8-1+deb11u8_amd64.deb ...
#6 13.03 Unpacking libglib2.0-0:amd64 (2.66.8-1+deb11u8) over (2.66.8-1+deb11u6) ...
#6 13.26 Setting up libglib2.0-0:amd64 (2.66.8-1+deb11u8) ...
#6 13.35 No schema files found: doing nothing.
#6 13.36 Setting up libglib2.0-bin (2.66.8-1+deb11u8) ...
#6 13.36 Setting up libglib2.0-dev-bin (2.66.8-1+deb11u8) ...
#6 13.88 Setting up libglib2.0-dev:amd64 (2.66.8-1+deb11u8) ...
#6 13.89 Processing triggers for libc-bin (2.31-13+deb11u13) ...
#6 DONE 14.1s

#7 [4/5] RUN python -m pip install --default-timeout=1000 --retries=10     "carla==0.9.16"     "dictor==0.1.12"     "ephem==4.1.5"     "filterpy==1.4.5"     "jsonpickle==3.0.3"     "lxml==5.1.0"     "matplotlib==3.5.3"     "networkx==3.4.2"     "numpy==1.26.4"     "opencv-python-headless==4.6.0.66"     "pexpect==4.9.0"     "Pillow==10.2.0"     "psutil==5.9.8"     "py-trees==0.8.3"     "pygame==2.6.0"     "rdp==0.8"     "requests==2.31.0"     "scipy==1.14.1"     "shapely==2.0.4"     "simple_watchdog_timer==0.1.1"     "six==1.16.0"     "tabulate==0.9.0"     "transforms3d==0.4.1"     "ujson==5.9.0"     "xmlschema==1.0.18"
#7 1.761 Collecting carla==0.9.16
#7 1.999   Downloading carla-0.9.16-cp310-cp310-manylinux_2_31_x86_64.whl (34.2 MB)
#7 21.88      ━━━━━━━━━━━━━━━━━━━━━━━━━━━━━━━━━━━━━━━━ 34.2/34.2 MB 1.8 MB/s eta 0:00:00
#7 22.02 Collecting dictor==0.1.12
#7 22.10   Downloading dictor-0.1.12.tar.gz (10.0 kB)
#7 22.11   Preparing metadata (setup.py): started
#7 22.84   Preparing metadata (setup.py): finished with status 'done'
#7 23.06 Collecting ephem==4.1.5
#7 23.15   Downloading ephem-4.1.5-cp310-cp310-manylinux_2_17_x86_64.manylinux2014_x86_64.whl (1.8 MB)
#7 24.04      ━━━━━━━━━━━━━━━━━━━━━━━━━━━━━━━━━━━━━━━━ 1.8/1.8 MB 2.1 MB/s eta 0:00:00
#7 24.12 Collecting filterpy==1.4.5
#7 24.18   Downloading filterpy-1.4.5.zip (177 kB)
#7 24.27      ━━━━━━━━━━━━━━━━━━━━━━━━━━━━━━━━━━━━━━━ 178.0/178.0 kB 2.9 MB/s eta 0:00:00
#7 24.28   Preparing metadata (setup.py): started
#7 24.88   Preparing metadata (setup.py): finished with status 'done'
#7 24.97 Collecting jsonpickle==3.0.3
#7 25.04   Downloading jsonpickle-3.0.3-py3-none-any.whl (40 kB)
#7 25.05      ━━━━━━━━━━━━━━━━━━━━━━━━━━━━━━━━━━━━━━━━ 40.8/40.8 kB 8.6 MB/s eta 0:00:00
#7 25.73 Collecting lxml==5.1.0
#7 25.91   Downloading lxml-5.1.0-cp310-cp310-manylinux_2_17_x86_64.manylinux2014_x86_64.whl (8.0 MB)
#7 30.23      ━━━━━━━━━━━━━━━━━━━━━━━━━━━━━━━━━━━━━━━━ 8.0/8.0 MB 1.9 MB/s eta 0:00:00
#7 30.72 Collecting matplotlib==3.5.3
#7 30.78   Downloading matplotlib-3.5.3-cp310-cp310-manylinux_2_17_x86_64.manylinux2014_x86_64.whl (11.9 MB)
#7 38.69      ━━━━━━━━━━━━━━━━━━━━━━━━━━━━━━━━━━━━━━━━ 11.9/11.9 MB 1.4 MB/s eta 0:00:00
#7 38.84 Collecting networkx==3.4.2
#7 38.93   Downloading networkx-3.4.2-py3-none-any.whl (1.7 MB)
#7 39.77      ━━━━━━━━━━━━━━━━━━━━━━━━━━━━━━━━━━━━━━━━ 1.7/1.7 MB 2.0 MB/s eta 0:00:00
#7 40.45 Collecting numpy==1.26.4
#7 40.60   Downloading numpy-1.26.4-cp310-cp310-manylinux_2_17_x86_64.manylinux2014_x86_64.whl (18.2 MB)
#7 51.12      ━━━━━━━━━━━━━━━━━━━━━━━━━━━━━━━━━━━━━━━━ 18.2/18.2 MB 1.9 MB/s eta 0:00:00
#7 51.54 Collecting opencv-python-headless==4.6.0.66
#7 51.61   Downloading opencv_python_headless-4.6.0.66-cp36-abi3-manylinux_2_17_x86_64.manylinux2014_x86_64.whl (48.3 MB)
#7 78.24      ━━━━━━━━━━━━━━━━━━━━━━━━━━━━━━━━━━━━━━━━ 48.3/48.3 MB 1.9 MB/s eta 0:00:00
#7 78.44 Collecting pexpect==4.9.0
#7 78.63   Downloading pexpect-4.9.0-py2.py3-none-any.whl (63 kB)
#7 78.65      ━━━━━━━━━━━━━━━━━━━━━━━━━━━━━━━━━━━━━━━━ 63.8/63.8 kB 2.5 MB/s eta 0:00:00
#7 79.27 Collecting Pillow==10.2.0
#7 79.46   Downloading pillow-10.2.0-cp310-cp310-manylinux_2_28_x86_64.whl (4.5 MB)
#7 81.85      ━━━━━━━━━━━━━━━━━━━━━━━━━━━━━━━━━━━━━━━━ 4.5/4.5 MB 1.9 MB/s eta 0:00:00
#7 82.17 Collecting psutil==5.9.8
#7 82.40   Downloading psutil-5.9.8-cp36-abi3-manylinux_2_12_x86_64.manylinux2010_x86_64.manylinux_2_17_x86_64.manylinux2014_x86_64.whl (288 kB)
#7 82.51      ━━━━━━━━━━━━━━━━━━━━━━━━━━━━━━━━━━━━━━━ 288.2/288.2 kB 3.0 MB/s eta 0:00:00
#7 82.59 Collecting py-trees==0.8.3
#7 82.69   Downloading py_trees-0.8.3-py3-none-any.whl (61 kB)
#7 82.69      ━━━━━━━━━━━━━━━━━━━━━━━━━━━━━━━━━━━━━━━━ 61.9/61.9 kB 8.2 MB/s eta 0:00:00
#7 83.06 Collecting pygame==2.6.0
#7 83.13   Downloading pygame-2.6.0-cp310-cp310-manylinux_2_17_x86_64.manylinux2014_x86_64.whl (14.0 MB)
#7 90.41      ━━━━━━━━━━━━━━━━━━━━━━━━━━━━━━━━━━━━━━━━ 14.0/14.0 MB 2.0 MB/s eta 0:00:00
#7 90.53 Collecting rdp==0.8
#7 90.63   Downloading rdp-0.8.tar.gz (4.4 kB)
#7 90.64   Preparing metadata (setup.py): started
#7 91.28   Preparing metadata (setup.py): finished with status 'done'
#7 91.44 Collecting requests==2.31.0
#7 91.52   Downloading requests-2.31.0-py3-none-any.whl (62 kB)
#7 91.55      ━━━━━━━━━━━━━━━━━━━━━━━━━━━━━━━━━━━━━━━━ 62.6/62.6 kB 3.6 MB/s eta 0:00:00
#7 92.05 Collecting scipy==1.14.1
#7 92.15   Downloading scipy-1.14.1-cp310-cp310-manylinux_2_17_x86_64.manylinux2014_x86_64.whl (41.2 MB)
#7 115.9      ━━━━━━━━━━━━━━━━━━━━━━━━━━━━━━━━━━━━━━━━ 41.2/41.2 MB 1.9 MB/s eta 0:00:00
#7 116.3 Collecting shapely==2.0.4
#7 116.4   Downloading shapely-2.0.4-cp310-cp310-manylinux_2_17_x86_64.manylinux2014_x86_64.whl (2.5 MB)
#7 118.0      ━━━━━━━━━━━━━━━━━━━━━━━━━━━━━━━━━━━━━━━━ 2.5/2.5 MB 1.6 MB/s eta 0:00:00
#7 118.1 Collecting simple_watchdog_timer==0.1.1
#7 118.1   Downloading simple_watchdog_timer-0.1.1.tar.gz (3.5 kB)
#7 118.1   Preparing metadata (setup.py): started
#7 118.8   Preparing metadata (setup.py): finished with status 'done'
#7 119.0 Collecting six==1.16.0
#7 119.0   Downloading six-1.16.0-py2.py3-none-any.whl (11 kB)
#7 119.2 Collecting tabulate==0.9.0
#7 119.3   Downloading tabulate-0.9.0-py3-none-any.whl (35 kB)
#7 119.6 Collecting transforms3d==0.4.1
#7 119.8   Downloading transforms3d-0.4.1-py3-none-any.whl (1.4 MB)
#7 120.7      ━━━━━━━━━━━━━━━━━━━━━━━━━━━━━━━━━━━━━━━━ 1.4/1.4 MB 1.6 MB/s eta 0:00:00
#7 120.9 Collecting ujson==5.9.0
#7 120.9   Downloading ujson-5.9.0-cp310-cp310-manylinux_2_17_x86_64.manylinux2014_x86_64.whl (53 kB)
#7 121.0      ━━━━━━━━━━━━━━━━━━━━━━━━━━━━━━━━━━━━━━━━ 53.2/53.2 kB 2.1 MB/s eta 0:00:00
#7 121.1 Collecting xmlschema==1.0.18
#7 121.2   Downloading xmlschema-1.0.18-py2.py3-none-any.whl (358 kB)
#7 121.3      ━━━━━━━━━━━━━━━━━━━━━━━━━━━━━━━━━━━━━━━ 359.0/359.0 kB 2.2 MB/s eta 0:00:00
#7 121.6 Collecting kiwisolver>=1.0.1
#7 121.8   Downloading kiwisolver-1.5.0-cp310-cp310-manylinux_2_12_x86_64.manylinux2010_x86_64.whl (1.6 MB)
#7 123.1      ━━━━━━━━━━━━━━━━━━━━━━━━━━━━━━━━━━━━━━━━ 1.6/1.6 MB 1.2 MB/s eta 0:00:00
#7 123.2 Collecting python-dateutil>=2.7
#7 123.3   Downloading python_dateutil-2.9.0.post0-py2.py3-none-any.whl (229 kB)
#7 123.4      ━━━━━━━━━━━━━━━━━━━━━━━━━━━━━━━━━━━━━━━ 229.9/229.9 kB 3.0 MB/s eta 0:00:00
#7 124.0 Collecting fonttools>=4.22.0
#7 124.2   Downloading fonttools-4.62.1-cp310-cp310-manylinux2014_x86_64.manylinux_2_17_x86_64.whl (4.9 MB)
#7 127.0      ━━━━━━━━━━━━━━━━━━━━━━━━━━━━━━━━━━━━━━━━ 4.9/4.9 MB 1.7 MB/s eta 0:00:00
#7 127.2 Collecting pyparsing>=2.2.1
#7 127.3   Downloading pyparsing-3.3.2-py3-none-any.whl (122 kB)
#7 127.3      ━━━━━━━━━━━━━━━━━━━━━━━━━━━━━━━━━━━━━━━ 122.8/122.8 kB 5.4 MB/s eta 0:00:00
#7 127.4 Collecting cycler>=0.10
#7 127.5   Downloading cycler-0.12.1-py3-none-any.whl (8.3 kB)
#7 127.6 Collecting packaging>=20.0
#7 127.7   Downloading packaging-26.2-py3-none-any.whl (100 kB)
#7 127.9      ━━━━━━━━━━━━━━━━━━━━━━━━━━━━━━━━━━━━━ 100.2/100.2 kB 530.1 kB/s eta 0:00:00
#7 128.0 Collecting ptyprocess>=0.5
#7 128.1   Downloading ptyprocess-0.7.0-py2.py3-none-any.whl (13 kB)
#7 128.1 Requirement already satisfied: setuptools in /usr/local/lib/python3.10/site-packages (from py-trees==0.8.3) (65.5.1)
#7 128.3 Collecting pydot
#7 128.4   Downloading pydot-4.0.1-py3-none-any.whl (37 kB)
#7 128.5 Collecting certifi>=2017.4.17
#7 128.6   Downloading certifi-2026.4.22-py3-none-any.whl (135 kB)
#7 128.6      ━━━━━━━━━━━━━━━━━━━━━━━━━━━━━━━━━━━━━━━ 135.7/135.7 kB 4.0 MB/s eta 0:00:00
#7 128.7 Collecting urllib3<3,>=1.21.1
#7 128.8   Downloading urllib3-2.6.3-py3-none-any.whl (131 kB)
#7 128.9      ━━━━━━━━━━━━━━━━━━━━━━━━━━━━━━━━━━━━━━━ 131.6/131.6 kB 3.3 MB/s eta 0:00:00
#7 129.3 Collecting charset-normalizer<4,>=2
#7 129.3   Downloading charset_normalizer-3.4.7-cp310-cp310-manylinux2014_x86_64.manylinux_2_17_x86_64.manylinux_2_28_x86_64.whl (216 kB)
#7 129.4      ━━━━━━━━━━━━━━━━━━━━━━━━━━━━━━━━━━━━━━━ 216.9/216.9 kB 2.8 MB/s eta 0:00:00
#7 129.5 Collecting idna<4,>=2.5
#7 129.6   Downloading idna-3.13-py3-none-any.whl (68 kB)
#7 129.6      ━━━━━━━━━━━━━━━━━━━━━━━━━━━━━━━━━━━━━━━━ 68.6/68.6 kB 4.1 MB/s eta 0:00:00
#7 129.8 Collecting elementpath~=1.3.0
#7 129.9   Downloading elementpath-1.3.3-py2.py3-none-any.whl (68 kB)
#7 129.9      ━━━━━━━━━━━━━━━━━━━━━━━━━━━━━━━━━━━━━━━━ 69.0/69.0 kB 5.7 MB/s eta 0:00:00
#7 130.0 Building wheels for collected packages: dictor, filterpy, rdp, simple_watchdog_timer
#7 130.0   Building wheel for dictor (setup.py): started
#7 130.8   Building wheel for dictor (setup.py): finished with status 'done'
#7 130.8   Created wheel for dictor: filename=dictor-0.1.12-py3-none-any.whl size=7950 sha256=16b21a3a1ac591881dc34013330b56db1831950b996f39085f59438fe4621307
#7 130.8   Stored in directory: /root/.cache/pip/wheels/eb/6a/c4/f56a4918b4dea517f2198183dbe2225c6179bd6dd9a917fef1
#7 130.8   Building wheel for filterpy (setup.py): started
#7 131.7   Building wheel for filterpy (setup.py): finished with status 'done'
#7 131.7   Created wheel for filterpy: filename=filterpy-1.4.5-py3-none-any.whl size=110458 sha256=98165ff32303982b2766a6140e5786dc0370ef1b75f712bed0878f083caf5214
#7 131.7   Stored in directory: /root/.cache/pip/wheels/0f/0c/ea/218f266af4ad626897562199fbbcba521b8497303200186102
#7 131.7   Building wheel for rdp (setup.py): started
#7 132.5   Building wheel for rdp (setup.py): finished with status 'done'
#7 132.5   Created wheel for rdp: filename=rdp-0.8-py3-none-any.whl size=4586 sha256=6fd87b568c7fe628e8d9aa0de25ba4f255ee7983c14851f0c02dae5272040f34
#7 132.5   Stored in directory: /root/.cache/pip/wheels/5d/12/ec/0fc50553af000b9c3d2c74b9f77a01ae4bfe856e9917ac239c
#7 132.5   Building wheel for simple_watchdog_timer (setup.py): started
#7 133.3   Building wheel for simple_watchdog_timer (setup.py): finished with status 'done'
#7 133.3   Created wheel for simple_watchdog_timer: filename=simple_watchdog_timer-0.1.1-py3-none-any.whl size=4431 sha256=12a2b6f8c52f0bf9fa4f4d01ffb859a4edaff998e8ef2fa740266c5ddeae63b1
#7 133.3   Stored in directory: /root/.cache/pip/wheels/f7/4a/f1/cf50f7dc7fdee007e9ae3bc36eae5ad353aab1d375f35a4620
#7 133.3 Successfully built dictor filterpy rdp simple_watchdog_timer
#7 133.5 Installing collected packages: simple_watchdog_timer, ptyprocess, ephem, elementpath, dictor, carla, xmlschema, urllib3, ujson, transforms3d, tabulate, six, pyparsing, pygame, psutil, Pillow, pexpect, packaging, numpy, networkx, lxml, kiwisolver, jsonpickle, idna, fonttools, cycler, charset-normalizer, certifi, shapely, scipy, requests, rdp, python-dateutil, pydot, opencv-python-headless, py-trees, matplotlib, filterpy
#7 143.4 Successfully installed Pillow-10.2.0 carla-0.9.16 certifi-2026.4.22 charset-normalizer-3.4.7 cycler-0.12.1 dictor-0.1.12 elementpath-1.3.3 ephem-4.1.5 filterpy-1.4.5 fonttools-4.62.1 idna-3.13 jsonpickle-3.0.3 kiwisolver-1.5.0 lxml-5.1.0 matplotlib-3.5.3 networkx-3.4.2 numpy-1.26.4 opencv-python-headless-4.6.0.66 packaging-26.2 pexpect-4.9.0 psutil-5.9.8 ptyprocess-0.7.0 py-trees-0.8.3 pydot-4.0.1 pygame-2.6.0 pyparsing-3.3.2 python-dateutil-2.9.0.post0 rdp-0.8 requests-2.31.0 scipy-1.14.1 shapely-2.0.4 simple_watchdog_timer-0.1.1 six-1.16.0 tabulate-0.9.0 transforms3d-0.4.1 ujson-5.9.0 urllib3-2.6.3 xmlschema-1.0.18
#7 DONE 143.9s

#8 [5/5] RUN if [ "1" = "1" ]; then       python -m pip install --default-timeout=1000 --retries=10         --index-url https://download.pytorch.org/whl/cpu         "torch==2.5.0" "torchvision==0.20.0";     fi
#8 1.437 Looking in indexes: https://download.pytorch.org/whl/cpu
#8 3.528 Collecting torch==2.5.0
#8 4.091   Downloading https://download-r2.pytorch.org/whl/cpu/torch-2.5.0%2Bcpu-cp310-cp310-linux_x86_64.whl (174.7 MB)
#8 112.3      ━━━━━━━━━━━━━━━━━━━━━━━━━━━━━━━━━━━━━━━ 174.7/174.7 MB 1.4 MB/s eta 0:00:00
#8 114.4 Collecting torchvision==0.20.0
#8 114.7   Downloading https://download-r2.pytorch.org/whl/cpu/torchvision-0.20.0%2Bcpu-cp310-cp310-linux_x86_64.whl (1.8 MB)
#8 116.3      ━━━━━━━━━━━━━━━━━━━━━━━━━━━━━━━━━━━━━━━━ 1.8/1.8 MB 1.2 MB/s eta 0:00:00
#8 116.3 Requirement already satisfied: networkx in /usr/local/lib/python3.10/site-packages (from torch==2.5.0) (3.4.2)
#8 117.3 Collecting sympy==1.13.1
#8 117.3   Obtaining dependency information for sympy==1.13.1 from https://files.pythonhosted.org/packages/b2/fe/81695a1aa331a842b582453b605175f419fe8540355886031328089d840a/sympy-1.13.1-py3-none-any.whl.metadata
#8 117.6   Downloading sympy-1.13.1-py3-none-any.whl.metadata (12 kB)
#8 118.4 Collecting jinja2
#8 118.4   Obtaining dependency information for jinja2 from https://download.pytorch.org/whl/jinja2-3.1.6-py3-none-any.whl.metadata
#8 118.5   Downloading https://download.pytorch.org/whl/jinja2-3.1.6-py3-none-any.whl.metadata (2.9 kB)
#8 118.5 Discarding https://download.pytorch.org/whl/jinja2-3.1.6-py3-none-any.whl (from https://download.pytorch.org/whl/cpu/jinja2/): Requested jinja2 from https://download.pytorch.org/whl/jinja2-3.1.6-py3-none-any.whl (from torch==2.5.0) has inconsistent Name: expected 'jinja2', but metadata has 'Jinja2'
#8 118.5   Obtaining dependency information for jinja2 from https://download.pytorch.org/whl/Jinja2-3.1.4-py3-none-any.whl.metadata
#8 118.5   Downloading https://download.pytorch.org/whl/Jinja2-3.1.4-py3-none-any.whl.metadata (2.6 kB)
#8 118.5 Discarding https://download.pytorch.org/whl/Jinja2-3.1.4-py3-none-any.whl#sha256=bc5dd2abb727a5319567b7a813e6a2e7318c39f4f487cfe6c89c6f9c7d25197d (from https://download.pytorch.org/whl/cpu/jinja2/): Requested jinja2 from https://download.pytorch.org/whl/Jinja2-3.1.4-py3-none-any.whl#sha256=bc5dd2abb727a5319567b7a813e6a2e7318c39f4f487cfe6c89c6f9c7d25197d (from torch==2.5.0) has inconsistent Name: expected 'jinja2', but metadata has 'Jinja2'
#8 118.5   Downloading https://download.pytorch.org/whl/Jinja2-3.1.3-py3-none-any.whl (133 kB)
#8 118.6      ━━━━━━━━━━━━━━━━━━━━━━━━━━━━━━━━━━━━━━━ 133.2/133.2 kB 1.6 MB/s eta 0:00:00
#8 119.6 Collecting fsspec
#8 119.6   Obtaining dependency information for fsspec from https://files.pythonhosted.org/packages/e6/ab/fb21f4c939bb440104cc2b396d3be1d9b7a9fd3c6c2a53d98c45b3d7c954/fsspec-2026.2.0-py3-none-any.whl.metadata
#8 119.7   Downloading fsspec-2026.2.0-py3-none-any.whl.metadata (10 kB)
#8 120.4 Collecting typing-extensions>=4.8.0
#8 120.4   Obtaining dependency information for typing-extensions>=4.8.0 from https://download.pytorch.org/whl/typing_extensions-4.15.0-py3-none-any.whl.metadata
#8 120.5   Downloading https://download.pytorch.org/whl/typing_extensions-4.15.0-py3-none-any.whl.metadata (3.3 kB)
#8 120.5 Discarding https://download.pytorch.org/whl/typing_extensions-4.15.0-py3-none-any.whl (from https://download.pytorch.org/whl/cpu/typing-extensions/): Requested typing-extensions>=4.8.0 from https://download.pytorch.org/whl/typing_extensions-4.15.0-py3-none-any.whl (from torch==2.5.0) has inconsistent Name: expected 'typing-extensions', but metadata has 'typing_extensions'
#8 120.5   Obtaining dependency information for typing-extensions>=4.8.0 from https://download.pytorch.org/whl/typing_extensions-4.14.0-py3-none-any.whl.metadata
#8 120.5   Downloading https://download.pytorch.org/whl/typing_extensions-4.14.0-py3-none-any.whl.metadata (3.0 kB)
#8 120.5 Discarding https://download.pytorch.org/whl/typing_extensions-4.14.0-py3-none-any.whl (from https://download.pytorch.org/whl/cpu/typing-extensions/): Requested typing-extensions>=4.8.0 from https://download.pytorch.org/whl/typing_extensions-4.14.0-py3-none-any.whl (from torch==2.5.0) has inconsistent Name: expected 'typing-extensions', but metadata has 'typing_extensions'
#8 120.5   Obtaining dependency information for typing-extensions>=4.8.0 from https://download.pytorch.org/whl/typing_extensions-4.12.2-py3-none-any.whl.metadata
#8 120.5   Downloading https://download.pytorch.org/whl/typing_extensions-4.12.2-py3-none-any.whl.metadata (3.0 kB)
#8 120.5 Discarding https://download.pytorch.org/whl/typing_extensions-4.12.2-py3-none-any.whl (from https://download.pytorch.org/whl/cpu/typing-extensions/): Requested typing-extensions>=4.8.0 from https://download.pytorch.org/whl/typing_extensions-4.12.2-py3-none-any.whl (from torch==2.5.0) has inconsistent Name: expected 'typing-extensions', but metadata has 'typing_extensions'
#8 120.5   Downloading https://download.pytorch.org/whl/typing_extensions-4.9.0-py3-none-any.whl (32 kB)
#8 121.5 Collecting filelock
#8 121.5   Obtaining dependency information for filelock from https://files.pythonhosted.org/packages/a4/a5/842ae8f0c08b61d6484b52f99a03510a3a72d23141942d216ebe81fefbce/filelock-3.25.2-py3-none-any.whl.metadata
#8 121.6   Downloading filelock-3.25.2-py3-none-any.whl.metadata (2.0 kB)
#8 121.6 Requirement already satisfied: numpy in /usr/local/lib/python3.10/site-packages (from torchvision==0.20.0) (1.26.4)
#8 121.6 Requirement already satisfied: pillow!=8.3.*,>=5.3.0 in /usr/local/lib/python3.10/site-packages (from torchvision==0.20.0) (10.2.0)
#8 122.6 Collecting mpmath<1.4,>=1.1.0
#8 122.6   Obtaining dependency information for mpmath<1.4,>=1.1.0 from https://files.pythonhosted.org/packages/43/e3/7d92a15f894aa0c9c4b49b8ee9ac9850d6e63b03c9c32c0367a13ae62209/mpmath-1.3.0-py3-none-any.whl.metadata
#8 122.7   Downloading mpmath-1.3.0-py3-none-any.whl.metadata (8.6 kB)
#8 123.8 Collecting MarkupSafe>=2.0
#8 123.8   Obtaining dependency information for MarkupSafe>=2.0 from https://download.pytorch.org/whl/markupsafe-3.0.3-cp310-cp310-manylinux2014_x86_64.manylinux_2_17_x86_64.manylinux_2_28_x86_64.whl.metadata
#8 123.9   Downloading https://download.pytorch.org/whl/markupsafe-3.0.3-cp310-cp310-manylinux2014_x86_64.manylinux_2_17_x86_64.manylinux_2_28_x86_64.whl.metadata (2.7 kB)
#8 124.0 Downloading sympy-1.13.1-py3-none-any.whl (6.2 MB)
#8 127.7    ━━━━━━━━━━━━━━━━━━━━━━━━━━━━━━━━━━━━━━━━ 6.2/6.2 MB 1.7 MB/s eta 0:00:00
#8 127.7 Downloading filelock-3.25.2-py3-none-any.whl (26 kB)
#8 127.9 Downloading fsspec-2026.2.0-py3-none-any.whl (202 kB)
#8 127.9    ━━━━━━━━━━━━━━━━━━━━━━━━━━━━━━━━━━━━━━━━ 202.5/202.5 kB 2.7 MB/s eta 0:00:00
#8 128.0 Downloading https://download.pytorch.org/whl/markupsafe-3.0.3-cp310-cp310-manylinux2014_x86_64.manylinux_2_17_x86_64.manylinux_2_28_x86_64.whl (20 kB)
#8 128.2 Downloading mpmath-1.3.0-py3-none-any.whl (536 kB)
#8 129.6    ━━━━━━━━━━━━━━━━━━━━━━━━━━━━━━━━━━━━━━━ 536.2/536.2 kB 396.6 kB/s eta 0:00:00
#8 129.6 Using cached sympy-1.13.1-py3-none-any.whl (6.2 MB)
#8 129.6 Using cached filelock-3.25.2-py3-none-any.whl (26 kB)
#8 129.6 Using cached fsspec-2026.2.0-py3-none-any.whl (202 kB)
#8 129.7 Using cached https://download.pytorch.org/whl/markupsafe-3.0.3-cp310-cp310-manylinux2014_x86_64.manylinux_2_17_x86_64.manylinux_2_28_x86_64.whl (20 kB)
#8 129.7 Using cached mpmath-1.3.0-py3-none-any.whl (536 kB)
#8 129.9 Installing collected packages: mpmath, typing-extensions, sympy, MarkupSafe, fsspec, filelock, jinja2, torch, torchvision
#8 142.4 Successfully installed MarkupSafe-3.0.3 filelock-3.25.2 fsspec-2026.2.0 jinja2-3.1.3 mpmath-1.3.0 sympy-1.13.1 torch-2.5.0+cpu torchvision-0.20.0+cpu typing-extensions-4.9.0
#8 DONE 142.7s

#9 exporting to image
#9 exporting layers
#9 exporting layers 19.7s done
#9 exporting manifest sha256:c7df4a3de53d7a362d7bf09466e6d21a3798786eec59436b0a3e0a10205811ad
#9 exporting manifest sha256:c7df4a3de53d7a362d7bf09466e6d21a3798786eec59436b0a3e0a10205811ad done
#9 exporting config sha256:8390a80f8e7a2337c18547ba963d3c25b79020dc8dde3a4e35c29417a834906d done
#9 exporting attestation manifest sha256:bb5d52169d36c079e501196e764ea2db155d520bc673cb90fa13859fce9296a8 0.0s done
#9 exporting manifest list sha256:6c50ee55ca83dfad3afa9e71fb24c084a93e38a72efa13b3f352ac63e72cf8eb done
#9 naming to docker.io/library/driverx-fail2drive-client:0.9.16-torch done
#9 DONE 19.8s
