Alpamayo1_5 load failed; trying transformers auto fallback.
Traceback (most recent call last):
  File "/workspace/alpamayo1.5/a1_5_venv/lib/python3.12/site-packages/huggingface_hub/utils/_http.py", line 402, in hf_raise_for_status
    response.raise_for_status()
  File "/workspace/alpamayo1.5/a1_5_venv/lib/python3.12/site-packages/requests/models.py", line 1026, in raise_for_status
    raise HTTPError(http_error_msg, response=self)
requests.exceptions.HTTPError: 403 Client Error: Forbidden for url: https://huggingface.co/nvidia/Cosmos-Reason2-8B/resolve/main/config.json

The above exception was the direct cause of the following exception:

Traceback (most recent call last):
  File "/workspace/alpamayo1.5/a1_5_venv/lib/python3.12/site-packages/transformers/utils/hub.py", line 479, in cached_files
    hf_hub_download(
  File "/workspace/alpamayo1.5/a1_5_venv/lib/python3.12/site-packages/huggingface_hub/utils/_validators.py", line 114, in _inner_fn
    return fn(*args, **kwargs)
           ^^^^^^^^^^^^^^^^^^^
  File "/workspace/alpamayo1.5/a1_5_venv/lib/python3.12/site-packages/huggingface_hub/file_download.py", line 1007, in hf_hub_download
    return _hf_hub_download_to_cache_dir(
           ^^^^^^^^^^^^^^^^^^^^^^^^^^^^^^
  File "/workspace/alpamayo1.5/a1_5_venv/lib/python3.12/site-packages/huggingface_hub/file_download.py", line 1114, in _hf_hub_download_to_cache_dir
    _raise_on_head_call_error(head_call_error, force_download, local_files_only)
  File "/workspace/alpamayo1.5/a1_5_venv/lib/python3.12/site-packages/huggingface_hub/file_download.py", line 1655, in _raise_on_head_call_error
    raise head_call_error
  File "/workspace/alpamayo1.5/a1_5_venv/lib/python3.12/site-packages/huggingface_hub/file_download.py", line 1543, in _get_metadata_or_catch_error
    metadata = get_hf_file_metadata(
               ^^^^^^^^^^^^^^^^^^^^^
  File "/workspace/alpamayo1.5/a1_5_venv/lib/python3.12/site-packages/huggingface_hub/utils/_validators.py", line 114, in _inner_fn
    return fn(*args, **kwargs)
           ^^^^^^^^^^^^^^^^^^^
  File "/workspace/alpamayo1.5/a1_5_venv/lib/python3.12/site-packages/huggingface_hub/file_download.py", line 1460, in get_hf_file_metadata
    r = _request_wrapper(
        ^^^^^^^^^^^^^^^^^
  File "/workspace/alpamayo1.5/a1_5_venv/lib/python3.12/site-packages/huggingface_hub/file_download.py", line 283, in _request_wrapper
    response = _request_wrapper(
               ^^^^^^^^^^^^^^^^^
  File "/workspace/alpamayo1.5/a1_5_venv/lib/python3.12/site-packages/huggingface_hub/file_download.py", line 307, in _request_wrapper
    hf_raise_for_status(response)
  File "/workspace/alpamayo1.5/a1_5_venv/lib/python3.12/site-packages/huggingface_hub/utils/_http.py", line 419, in hf_raise_for_status
    raise _format(GatedRepoError, message, response) from e
huggingface_hub.errors.GatedRepoError: 403 Client Error. (Request ID: Root=1-69fa0fe9-3c98e59a13eb4e4f44cc7968;cea7881a-118a-417f-aaf8-174b179f64cd)

Cannot access gated repo for url https://huggingface.co/nvidia/Cosmos-Reason2-8B/resolve/main/config.json.
Access to model nvidia/Cosmos-Reason2-8B is restricted and you are not in the authorized list. Visit https://huggingface.co/nvidia/Cosmos-Reason2-8B to ask for access.

The above exception was the direct cause of the following exception:

Traceback (most recent call last):
  File "/workspace/0xdriver-artifacts/alpamayo-probe/task52-runpod-load/probe.py", line 117, in <module>
    Alpamayo1_5.from_pretrained(
  File "/workspace/alpamayo1.5/a1_5_venv/lib/python3.12/site-packages/transformers/modeling_utils.py", line 277, in _wrapper
    return func(*args, **kwargs)
           ^^^^^^^^^^^^^^^^^^^^^
  File "/workspace/alpamayo1.5/a1_5_venv/lib/python3.12/site-packages/transformers/modeling_utils.py", line 4843, in from_pretrained
    config, model_kwargs = cls.config_class.from_pretrained(
                           ^^^^^^^^^^^^^^^^^^^^^^^^^^^^^^^^^
  File "/workspace/alpamayo1.5/a1_5_venv/lib/python3.12/site-packages/transformers/configuration_utils.py", line 640, in from_pretrained
    return cls.from_dict(config_dict, **kwargs)
           ^^^^^^^^^^^^^^^^^^^^^^^^^^^^^^^^^^^^
  File "/workspace/alpamayo1.5/a1_5_venv/lib/python3.12/site-packages/transformers/configuration_utils.py", line 808, in from_dict
    config = cls(**config_dict)
             ^^^^^^^^^^^^^^^^^^
  File "/workspace/alpamayo1.5/src/alpamayo1_5/config.py", line 41, in __init__
    super().__init__(**kwargs)
  File "/workspace/alpamayo1.5/src/alpamayo1_5/models/base_model.py", line 243, in __init__
    self._initialize_vlm_config()
  File "/workspace/alpamayo1.5/src/alpamayo1_5/models/base_model.py", line 250, in _initialize_vlm_config
    processor = self._build_processor()
                ^^^^^^^^^^^^^^^^^^^^^^^
  File "/workspace/alpamayo1.5/src/alpamayo1_5/models/base_model.py", line 263, in _build_processor
    processor = AutoProcessor.from_pretrained(self.vlm_name_or_path, **processor_kwargs)
                ^^^^^^^^^^^^^^^^^^^^^^^^^^^^^^^^^^^^^^^^^^^^^^^^^^^^^^^^^^^^^^^^^^^^^^^^
  File "/workspace/alpamayo1.5/a1_5_venv/lib/python3.12/site-packages/transformers/models/auto/processing_auto.py", line 363, in from_pretrained
    config = AutoConfig.from_pretrained(
             ^^^^^^^^^^^^^^^^^^^^^^^^^^^
  File "/workspace/alpamayo1.5/a1_5_venv/lib/python3.12/site-packages/transformers/models/auto/configuration_auto.py", line 1332, in from_pretrained
    config_dict, unused_kwargs = PretrainedConfig.get_config_dict(pretrained_model_name_or_path, **kwargs)
                                 ^^^^^^^^^^^^^^^^^^^^^^^^^^^^^^^^^^^^^^^^^^^^^^^^^^^^^^^^^^^^^^^^^^^^^^^^^
  File "/workspace/alpamayo1.5/a1_5_venv/lib/python3.12/site-packages/transformers/configuration_utils.py", line 662, in get_config_dict
    config_dict, kwargs = cls._get_config_dict(pretrained_model_name_or_path, **kwargs)
                          ^^^^^^^^^^^^^^^^^^^^^^^^^^^^^^^^^^^^^^^^^^^^^^^^^^^^^^^^^^^^^
  File "/workspace/alpamayo1.5/a1_5_venv/lib/python3.12/site-packages/transformers/configuration_utils.py", line 721, in _get_config_dict
    resolved_config_file = cached_file(
                           ^^^^^^^^^^^^
  File "/workspace/alpamayo1.5/a1_5_venv/lib/python3.12/site-packages/transformers/utils/hub.py", line 322, in cached_file
    file = cached_files(path_or_repo_id=path_or_repo_id, filenames=[filename], **kwargs)
           ^^^^^^^^^^^^^^^^^^^^^^^^^^^^^^^^^^^^^^^^^^^^^^^^^^^^^^^^^^^^^^^^^^^^^^^^^^^^^
  File "/workspace/alpamayo1.5/a1_5_venv/lib/python3.12/site-packages/transformers/utils/hub.py", line 543, in cached_files
    raise OSError(
OSError: You are trying to access a gated repo.
Make sure to have access to it at https://huggingface.co/nvidia/Cosmos-Reason2-8B.
403 Client Error. (Request ID: Root=1-69fa0fe9-3c98e59a13eb4e4f44cc7968;cea7881a-118a-417f-aaf8-174b179f64cd)

Cannot access gated repo for url https://huggingface.co/nvidia/Cosmos-Reason2-8B/resolve/main/config.json.
Access to model nvidia/Cosmos-Reason2-8B is restricted and you are not in the authorized list. Visit https://huggingface.co/nvidia/Cosmos-Reason2-8B to ask for access.

Traceback (most recent call last):
  File "/workspace/alpamayo1.5/a1_5_venv/lib/python3.12/site-packages/huggingface_hub/utils/_http.py", line 402, in hf_raise_for_status
    response.raise_for_status()
  File "/workspace/alpamayo1.5/a1_5_venv/lib/python3.12/site-packages/requests/models.py", line 1026, in raise_for_status
    raise HTTPError(http_error_msg, response=self)
requests.exceptions.HTTPError: 403 Client Error: Forbidden for url: https://huggingface.co/nvidia/Cosmos-Reason2-8B/resolve/main/config.json

The above exception was the direct cause of the following exception:

Traceback (most recent call last):
  File "/workspace/alpamayo1.5/a1_5_venv/lib/python3.12/site-packages/transformers/utils/hub.py", line 479, in cached_files
    hf_hub_download(
  File "/workspace/alpamayo1.5/a1_5_venv/lib/python3.12/site-packages/huggingface_hub/utils/_validators.py", line 114, in _inner_fn
    return fn(*args, **kwargs)
           ^^^^^^^^^^^^^^^^^^^
  File "/workspace/alpamayo1.5/a1_5_venv/lib/python3.12/site-packages/huggingface_hub/file_download.py", line 1007, in hf_hub_download
    return _hf_hub_download_to_cache_dir(
           ^^^^^^^^^^^^^^^^^^^^^^^^^^^^^^
  File "/workspace/alpamayo1.5/a1_5_venv/lib/python3.12/site-packages/huggingface_hub/file_download.py", line 1114, in _hf_hub_download_to_cache_dir
    _raise_on_head_call_error(head_call_error, force_download, local_files_only)
  File "/workspace/alpamayo1.5/a1_5_venv/lib/python3.12/site-packages/huggingface_hub/file_download.py", line 1655, in _raise_on_head_call_error
    raise head_call_error
  File "/workspace/alpamayo1.5/a1_5_venv/lib/python3.12/site-packages/huggingface_hub/file_download.py", line 1543, in _get_metadata_or_catch_error
    metadata = get_hf_file_metadata(
               ^^^^^^^^^^^^^^^^^^^^^
  File "/workspace/alpamayo1.5/a1_5_venv/lib/python3.12/site-packages/huggingface_hub/utils/_validators.py", line 114, in _inner_fn
    return fn(*args, **kwargs)
           ^^^^^^^^^^^^^^^^^^^
  File "/workspace/alpamayo1.5/a1_5_venv/lib/python3.12/site-packages/huggingface_hub/file_download.py", line 1460, in get_hf_file_metadata
    r = _request_wrapper(
        ^^^^^^^^^^^^^^^^^
  File "/workspace/alpamayo1.5/a1_5_venv/lib/python3.12/site-packages/huggingface_hub/file_download.py", line 283, in _request_wrapper
    response = _request_wrapper(
               ^^^^^^^^^^^^^^^^^
  File "/workspace/alpamayo1.5/a1_5_venv/lib/python3.12/site-packages/huggingface_hub/file_download.py", line 307, in _request_wrapper
    hf_raise_for_status(response)
  File "/workspace/alpamayo1.5/a1_5_venv/lib/python3.12/site-packages/huggingface_hub/utils/_http.py", line 419, in hf_raise_for_status
    raise _format(GatedRepoError, message, response) from e
huggingface_hub.errors.GatedRepoError: 403 Client Error. (Request ID: Root=1-69fa0fe9-3c98e59a13eb4e4f44cc7968;cea7881a-118a-417f-aaf8-174b179f64cd)

Cannot access gated repo for url https://huggingface.co/nvidia/Cosmos-Reason2-8B/resolve/main/config.json.
Access to model nvidia/Cosmos-Reason2-8B is restricted and you are not in the authorized list. Visit https://huggingface.co/nvidia/Cosmos-Reason2-8B to ask for access.

The above exception was the direct cause of the following exception:

Traceback (most recent call last):
  File "/workspace/0xdriver-artifacts/alpamayo-probe/task52-runpod-load/probe.py", line 117, in <module>
    Alpamayo1_5.from_pretrained(
  File "/workspace/alpamayo1.5/a1_5_venv/lib/python3.12/site-packages/transformers/modeling_utils.py", line 277, in _wrapper
    return func(*args, **kwargs)
           ^^^^^^^^^^^^^^^^^^^^^
  File "/workspace/alpamayo1.5/a1_5_venv/lib/python3.12/site-packages/transformers/modeling_utils.py", line 4843, in from_pretrained
    config, model_kwargs = cls.config_class.from_pretrained(
                           ^^^^^^^^^^^^^^^^^^^^^^^^^^^^^^^^^
  File "/workspace/alpamayo1.5/a1_5_venv/lib/python3.12/site-packages/transformers/configuration_utils.py", line 640, in from_pretrained
    return cls.from_dict(config_dict, **kwargs)
           ^^^^^^^^^^^^^^^^^^^^^^^^^^^^^^^^^^^^
  File "/workspace/alpamayo1.5/a1_5_venv/lib/python3.12/site-packages/transformers/configuration_utils.py", line 808, in from_dict
    config = cls(**config_dict)
             ^^^^^^^^^^^^^^^^^^
  File "/workspace/alpamayo1.5/src/alpamayo1_5/config.py", line 41, in __init__
    super().__init__(**kwargs)
  File "/workspace/alpamayo1.5/src/alpamayo1_5/models/base_model.py", line 243, in __init__
    self._initialize_vlm_config()
  File "/workspace/alpamayo1.5/src/alpamayo1_5/models/base_model.py", line 250, in _initialize_vlm_config
    processor = self._build_processor()
                ^^^^^^^^^^^^^^^^^^^^^^^
  File "/workspace/alpamayo1.5/src/alpamayo1_5/models/base_model.py", line 263, in _build_processor
    processor = AutoProcessor.from_pretrained(self.vlm_name_or_path, **processor_kwargs)
                ^^^^^^^^^^^^^^^^^^^^^^^^^^^^^^^^^^^^^^^^^^^^^^^^^^^^^^^^^^^^^^^^^^^^^^^^
  File "/workspace/alpamayo1.5/a1_5_venv/lib/python3.12/site-packages/transformers/models/auto/processing_auto.py", line 363, in from_pretrained
    config = AutoConfig.from_pretrained(
             ^^^^^^^^^^^^^^^^^^^^^^^^^^^
  File "/workspace/alpamayo1.5/a1_5_venv/lib/python3.12/site-packages/transformers/models/auto/configuration_auto.py", line 1332, in from_pretrained
    config_dict, unused_kwargs = PretrainedConfig.get_config_dict(pretrained_model_name_or_path, **kwargs)
                                 ^^^^^^^^^^^^^^^^^^^^^^^^^^^^^^^^^^^^^^^^^^^^^^^^^^^^^^^^^^^^^^^^^^^^^^^^^
  File "/workspace/alpamayo1.5/a1_5_venv/lib/python3.12/site-packages/transformers/configuration_utils.py", line 662, in get_config_dict
    config_dict, kwargs = cls._get_config_dict(pretrained_model_name_or_path, **kwargs)
                          ^^^^^^^^^^^^^^^^^^^^^^^^^^^^^^^^^^^^^^^^^^^^^^^^^^^^^^^^^^^^^
  File "/workspace/alpamayo1.5/a1_5_venv/lib/python3.12/site-packages/transformers/configuration_utils.py", line 721, in _get_config_dict
    resolved_config_file = cached_file(
                           ^^^^^^^^^^^^
  File "/workspace/alpamayo1.5/a1_5_venv/lib/python3.12/site-packages/transformers/utils/hub.py", line 322, in cached_file
    file = cached_files(path_or_repo_id=path_or_repo_id, filenames=[filename], **kwargs)
           ^^^^^^^^^^^^^^^^^^^^^^^^^^^^^^^^^^^^^^^^^^^^^^^^^^^^^^^^^^^^^^^^^^^^^^^^^^^^^
  File "/workspace/alpamayo1.5/a1_5_venv/lib/python3.12/site-packages/transformers/utils/hub.py", line 543, in cached_files
    raise OSError(
OSError: You are trying to access a gated repo.
Make sure to have access to it at https://huggingface.co/nvidia/Cosmos-Reason2-8B.
403 Client Error. (Request ID: Root=1-69fa0fe9-3c98e59a13eb4e4f44cc7968;cea7881a-118a-417f-aaf8-174b179f64cd)

Cannot access gated repo for url https://huggingface.co/nvidia/Cosmos-Reason2-8B/resolve/main/config.json.
Access to model nvidia/Cosmos-Reason2-8B is restricted and you are not in the authorized list. Visit https://huggingface.co/nvidia/Cosmos-Reason2-8B to ask for access.

During handling of the above exception, another exception occurred:

Traceback (most recent call last):
  File "/workspace/alpamayo1.5/a1_5_venv/lib/python3.12/site-packages/huggingface_hub/utils/_http.py", line 402, in hf_raise_for_status
    response.raise_for_status()
  File "/workspace/alpamayo1.5/a1_5_venv/lib/python3.12/site-packages/requests/models.py", line 1026, in raise_for_status
    raise HTTPError(http_error_msg, response=self)
requests.exceptions.HTTPError: 403 Client Error: Forbidden for url: https://huggingface.co/nvidia/Cosmos-Reason2-8B/resolve/main/config.json

The above exception was the direct cause of the following exception:

Traceback (most recent call last):
  File "/workspace/alpamayo1.5/a1_5_venv/lib/python3.12/site-packages/transformers/utils/hub.py", line 479, in cached_files
    hf_hub_download(
  File "/workspace/alpamayo1.5/a1_5_venv/lib/python3.12/site-packages/huggingface_hub/utils/_validators.py", line 114, in _inner_fn
    return fn(*args, **kwargs)
           ^^^^^^^^^^^^^^^^^^^
  File "/workspace/alpamayo1.5/a1_5_venv/lib/python3.12/site-packages/huggingface_hub/file_download.py", line 1007, in hf_hub_download
    return _hf_hub_download_to_cache_dir(
           ^^^^^^^^^^^^^^^^^^^^^^^^^^^^^^
  File "/workspace/alpamayo1.5/a1_5_venv/lib/python3.12/site-packages/huggingface_hub/file_download.py", line 1114, in _hf_hub_download_to_cache_dir
    _raise_on_head_call_error(head_call_error, force_download, local_files_only)
  File "/workspace/alpamayo1.5/a1_5_venv/lib/python3.12/site-packages/huggingface_hub/file_download.py", line 1655, in _raise_on_head_call_error
    raise head_call_error
  File "/workspace/alpamayo1.5/a1_5_venv/lib/python3.12/site-packages/huggingface_hub/file_download.py", line 1543, in _get_metadata_or_catch_error
    metadata = get_hf_file_metadata(
               ^^^^^^^^^^^^^^^^^^^^^
  File "/workspace/alpamayo1.5/a1_5_venv/lib/python3.12/site-packages/huggingface_hub/utils/_validators.py", line 114, in _inner_fn
    return fn(*args, **kwargs)
           ^^^^^^^^^^^^^^^^^^^
  File "/workspace/alpamayo1.5/a1_5_venv/lib/python3.12/site-packages/huggingface_hub/file_download.py", line 1460, in get_hf_file_metadata
    r = _request_wrapper(
        ^^^^^^^^^^^^^^^^^
  File "/workspace/alpamayo1.5/a1_5_venv/lib/python3.12/site-packages/huggingface_hub/file_download.py", line 283, in _request_wrapper
    response = _request_wrapper(
               ^^^^^^^^^^^^^^^^^
  File "/workspace/alpamayo1.5/a1_5_venv/lib/python3.12/site-packages/huggingface_hub/file_download.py", line 307, in _request_wrapper
    hf_raise_for_status(response)
  File "/workspace/alpamayo1.5/a1_5_venv/lib/python3.12/site-packages/huggingface_hub/utils/_http.py", line 419, in hf_raise_for_status
    raise _format(GatedRepoError, message, response) from e
huggingface_hub.errors.GatedRepoError: 403 Client Error. (Request ID: Root=1-69fa0fea-13a3af7256554abc5060300b;c932fdfd-02ba-4efc-9fa2-43c31d740d33)

Cannot access gated repo for url https://huggingface.co/nvidia/Cosmos-Reason2-8B/resolve/main/config.json.
Access to model nvidia/Cosmos-Reason2-8B is restricted and you are not in the authorized list. Visit https://huggingface.co/nvidia/Cosmos-Reason2-8B to ask for access.

The above exception was the direct cause of the following exception:

Traceback (most recent call last):
  File "/workspace/0xdriver-artifacts/alpamayo-probe/task52-runpod-load/probe.py", line 130, in <module>
    AutoProcessor.from_pretrained(model_id, token=os.environ.get("HF_TOKEN") or None, trust_remote_code=True)
  File "/workspace/alpamayo1.5/a1_5_venv/lib/python3.12/site-packages/transformers/models/auto/processing_auto.py", line 363, in from_pretrained
    config = AutoConfig.from_pretrained(
             ^^^^^^^^^^^^^^^^^^^^^^^^^^^
  File "/workspace/alpamayo1.5/a1_5_venv/lib/python3.12/site-packages/transformers/models/auto/configuration_auto.py", line 1372, in from_pretrained
    return config_class.from_dict(config_dict, **unused_kwargs)
           ^^^^^^^^^^^^^^^^^^^^^^^^^^^^^^^^^^^^^^^^^^^^^^^^^^^^
  File "/workspace/alpamayo1.5/a1_5_venv/lib/python3.12/site-packages/transformers/configuration_utils.py", line 808, in from_dict
    config = cls(**config_dict)
             ^^^^^^^^^^^^^^^^^^
  File "/workspace/alpamayo1.5/src/alpamayo1_5/config.py", line 41, in __init__
    super().__init__(**kwargs)
  File "/workspace/alpamayo1.5/src/alpamayo1_5/models/base_model.py", line 243, in __init__
    self._initialize_vlm_config()
  File "/workspace/alpamayo1.5/src/alpamayo1_5/models/base_model.py", line 250, in _initialize_vlm_config
    processor = self._build_processor()
                ^^^^^^^^^^^^^^^^^^^^^^^
  File "/workspace/alpamayo1.5/src/alpamayo1_5/models/base_model.py", line 263, in _build_processor
    processor = AutoProcessor.from_pretrained(self.vlm_name_or_path, **processor_kwargs)
                ^^^^^^^^^^^^^^^^^^^^^^^^^^^^^^^^^^^^^^^^^^^^^^^^^^^^^^^^^^^^^^^^^^^^^^^^
  File "/workspace/alpamayo1.5/a1_5_venv/lib/python3.12/site-packages/transformers/models/auto/processing_auto.py", line 363, in from_pretrained
    config = AutoConfig.from_pretrained(
             ^^^^^^^^^^^^^^^^^^^^^^^^^^^
  File "/workspace/alpamayo1.5/a1_5_venv/lib/python3.12/site-packages/transformers/models/auto/configuration_auto.py", line 1332, in from_pretrained
    config_dict, unused_kwargs = PretrainedConfig.get_config_dict(pretrained_model_name_or_path, **kwargs)
                                 ^^^^^^^^^^^^^^^^^^^^^^^^^^^^^^^^^^^^^^^^^^^^^^^^^^^^^^^^^^^^^^^^^^^^^^^^^
  File "/workspace/alpamayo1.5/a1_5_venv/lib/python3.12/site-packages/transformers/configuration_utils.py", line 662, in get_config_dict
    config_dict, kwargs = cls._get_config_dict(pretrained_model_name_or_path, **kwargs)
                          ^^^^^^^^^^^^^^^^^^^^^^^^^^^^^^^^^^^^^^^^^^^^^^^^^^^^^^^^^^^^^
  File "/workspace/alpamayo1.5/a1_5_venv/lib/python3.12/site-packages/transformers/configuration_utils.py", line 721, in _get_config_dict
    resolved_config_file = cached_file(
                           ^^^^^^^^^^^^
  File "/workspace/alpamayo1.5/a1_5_venv/lib/python3.12/site-packages/transformers/utils/hub.py", line 322, in cached_file
    file = cached_files(path_or_repo_id=path_or_repo_id, filenames=[filename], **kwargs)
           ^^^^^^^^^^^^^^^^^^^^^^^^^^^^^^^^^^^^^^^^^^^^^^^^^^^^^^^^^^^^^^^^^^^^^^^^^^^^^
  File "/workspace/alpamayo1.5/a1_5_venv/lib/python3.12/site-packages/transformers/utils/hub.py", line 543, in cached_files
    raise OSError(
OSError: You are trying to access a gated repo.
Make sure to have access to it at https://huggingface.co/nvidia/Cosmos-Reason2-8B.
403 Client Error. (Request ID: Root=1-69fa0fea-13a3af7256554abc5060300b;c932fdfd-02ba-4efc-9fa2-43c31d740d33)

Cannot access gated repo for url https://huggingface.co/nvidia/Cosmos-Reason2-8B/resolve/main/config.json.
Access to model nvidia/Cosmos-Reason2-8B is restricted and you are not in the authorized list. Visit https://huggingface.co/nvidia/Cosmos-Reason2-8B to ask for access.
