
[1m========= Preparing RouteScenario_1088 (repetition 0) =========[0m
[1m> Loading the world[0m
[1m> Setting up the agent[0m
[1m> Running the route[0m
=== [Agent] -- Wallclock = 2026-05-05 20:27:23.093 -- System time = 0.000 -- Game time = 0.050 -- Ratio = 0.000x
Sparse Waypoints: 2
Dense Waypoints: 180
=== [Agent] -- Wallclock = 2026-05-05 20:27:27.208 -- System time = 4.115 -- Game time = 0.100 -- Ratio = 0.024x
=== [Agent] -- Wallclock = 2026-05-05 20:27:29.880 -- System time = 6.787 -- Game time = 0.150 -- Ratio = 0.022x
=== [Agent] -- Wallclock = 2026-05-05 20:27:30.517 -- System time = 7.424 -- Game time = 0.200 -- Ratio = 0.027x
=== [Agent] -- Wallclock = 2026-05-05 20:27:31.208 -- System time = 8.114 -- Game time = 0.250 -- Ratio = 0.031x
=== [Agent] -- Wallclock = 2026-05-05 20:27:31.850 -- System time = 8.757 -- Game time = 0.300 -- Ratio = 0.034x
=== [Agent] -- Wallclock = 2026-05-05 20:27:32.604 -- System time = 9.511 -- Game time = 0.350 -- Ratio = 0.037x
=== [Agent] -- Wallclock = 2026-05-05 20:27:33.307 -- System time = 10.214 -- Game time = 0.400 -- Ratio = 0.039x
=== [Agent] -- Wallclock = 2026-05-05 20:27:33.777 -- System time = 10.684 -- Game time = 0.450 -- Ratio = 0.042x
=== [Agent] -- Wallclock = 2026-05-05 20:27:34.280 -- System time = 11.187 -- Game time = 0.500 -- Ratio = 0.045x
=== [Agent] -- Wallclock = 2026-05-05 20:27:34.724 -- System time = 11.631 -- Game time = 0.550 -- Ratio = 0.047x
=== [Agent] -- Wallclock = 2026-05-05 20:27:35.258 -- System time = 12.165 -- Game time = 0.600 -- Ratio = 0.049x
=== [Agent] -- Wallclock = 2026-05-05 20:27:36.150 -- System time = 13.057 -- Game time = 0.650 -- Ratio = 0.050x
=== [Agent] -- Wallclock = 2026-05-05 20:27:36.661 -- System time = 13.568 -- Game time = 0.700 -- Ratio = 0.052x
=== [Agent] -- Wallclock = 2026-05-05 20:27:37.193 -- System time = 14.100 -- Game time = 0.750 -- Ratio = 0.053x
=== [Agent] -- Wallclock = 2026-05-05 20:27:37.850 -- System time = 14.756 -- Game time = 0.800 -- Ratio = 0.054x
=== [Agent] -- Wallclock = 2026-05-05 20:27:38.603 -- System time = 15.510 -- Game time = 0.850 -- Ratio = 0.055x
=== [Agent] -- Wallclock = 2026-05-05 20:27:39.386 -- System time = 16.293 -- Game time = 0.900 -- Ratio = 0.055x
=== [Agent] -- Wallclock = 2026-05-05 20:27:39.845 -- System time = 16.752 -- Game time = 0.950 -- Ratio = 0.057x
=== [Agent] -- Wallclock = 2026-05-05 20:27:40.341 -- System time = 17.247 -- Game time = 1.000 -- Ratio = 0.058x
=== [Agent] -- Wallclock = 2026-05-05 20:27:40.785 -- System time = 17.692 -- Game time = 1.050 -- Ratio = 0.059x
=== [Agent] -- Wallclock = 2026-05-05 20:27:41.591 -- System time = 18.498 -- Game time = 1.100 -- Ratio = 0.059x
=== [Agent] -- Wallclock = 2026-05-05 20:27:42.337 -- System time = 19.244 -- Game time = 1.150 -- Ratio = 0.060x
=== [Agent] -- Wallclock = 2026-05-05 20:27:42.793 -- System time = 19.699 -- Game time = 1.200 -- Ratio = 0.061x
=== [Agent] -- Wallclock = 2026-05-05 20:27:43.345 -- System time = 20.252 -- Game time = 1.250 -- Ratio = 0.062x
=== [Agent] -- Wallclock = 2026-05-05 20:27:43.756 -- System time = 20.663 -- Game time = 1.300 -- Ratio = 0.063x
=== [Agent] -- Wallclock = 2026-05-05 20:27:44.298 -- System time = 21.205 -- Game time = 1.350 -- Ratio = 0.064x
=== [Agent] -- Wallclock = 2026-05-05 20:27:44.846 -- System time = 21.753 -- Game time = 1.400 -- Ratio = 0.064x
=== [Agent] -- Wallclock = 2026-05-05 20:27:45.404 -- System time = 22.311 -- Game time = 1.450 -- Ratio = 0.065x
=== [Agent] -- Wallclock = 2026-05-05 20:27:45.815 -- System time = 22.722 -- Game time = 1.500 -- Ratio = 0.066x
=== [Agent] -- Wallclock = 2026-05-05 20:27:46.608 -- System time = 23.515 -- Game time = 1.550 -- Ratio = 0.066x
=== [Agent] -- Wallclock = 2026-05-05 20:27:47.453 -- System time = 24.360 -- Game time = 1.600 -- Ratio = 0.066x
=== [Agent] -- Wallclock = 2026-05-05 20:27:47.892 -- System time = 24.799 -- Game time = 1.650 -- Ratio = 0.067x
=== [Agent] -- Wallclock = 2026-05-05 20:27:48.472 -- System time = 25.378 -- Game time = 1.700 -- Ratio = 0.067x
=== [Agent] -- Wallclock = 2026-05-05 20:27:48.968 -- System time = 25.875 -- Game time = 1.750 -- Ratio = 0.068x
=== [Agent] -- Wallclock = 2026-05-05 20:27:49.563 -- System time = 26.469 -- Game time = 1.800 -- Ratio = 0.068x
=== [Agent] -- Wallclock = 2026-05-05 20:27:50.041 -- System time = 26.948 -- Game time = 1.850 -- Ratio = 0.069x
=== [Agent] -- Wallclock = 2026-05-05 20:27:50.996 -- System time = 27.903 -- Game time = 1.900 -- Ratio = 0.068x
=== [Agent] -- Wallclock = 2026-05-05 20:27:51.531 -- System time = 28.438 -- Game time = 1.950 -- Ratio = 0.069x
=== [Agent] -- Wallclock = 2026-05-05 20:27:52.152 -- System time = 29.059 -- Game time = 2.000 -- Ratio = 0.069x
=== [Agent] -- Wallclock = 2026-05-05 20:27:52.704 -- System time = 29.611 -- Game time = 2.050 -- Ratio = 0.069x
=== [Agent] -- Wallclock = 2026-05-05 20:27:53.422 -- System time = 30.329 -- Game time = 2.100 -- Ratio = 0.069x
=== [Agent] -- Wallclock = 2026-05-05 20:27:54.170 -- System time = 31.077 -- Game time = 2.150 -- Ratio = 0.069x
=== [Agent] -- Wallclock = 2026-05-05 20:27:54.661 -- System time = 31.568 -- Game time = 2.200 -- Ratio = 0.070x
=== [Agent] -- Wallclock = 2026-05-05 20:27:55.362 -- System time = 32.269 -- Game time = 2.250 -- Ratio = 0.070x
=== [Agent] -- Wallclock = 2026-05-05 20:27:56.510 -- System time = 33.416 -- Game time = 2.300 -- Ratio = 0.069x
=== [Agent] -- Wallclock = 2026-05-05 20:27:57.059 -- System time = 33.966 -- Game time = 2.350 -- Ratio = 0.069x
=== [Agent] -- Wallclock = 2026-05-05 20:27:57.933 -- System time = 34.840 -- Game time = 2.400 -- Ratio = 0.069x
=== [Agent] -- Wallclock = 2026-05-05 20:27:58.427 -- System time = 35.334 -- Game time = 2.450 -- Ratio = 0.069x
=== [Agent] -- Wallclock = 2026-05-05 20:27:59.283 -- System time = 36.190 -- Game time = 2.500 -- Ratio = 0.069x
=== [Agent] -- Wallclock = 2026-05-05 20:28:00.322 -- System time = 37.229 -- Game time = 2.550 -- Ratio = 0.068x
=== [Agent] -- Wallclock = 2026-05-05 20:28:00.953 -- System time = 37.860 -- Game time = 2.600 -- Ratio = 0.069x
=== [Agent] -- Wallclock = 2026-05-05 20:28:01.477 -- System time = 38.384 -- Game time = 2.650 -- Ratio = 0.069x
=== [Agent] -- Wallclock = 2026-05-05 20:28:02.264 -- System time = 39.171 -- Game time = 2.700 -- Ratio = 0.069x
=== [Agent] -- Wallclock = 2026-05-05 20:28:02.768 -- System time = 39.674 -- Game time = 2.750 -- Ratio = 0.069x
=== [Agent] -- Wallclock = 2026-05-05 20:28:03.158 -- System time = 40.065 -- Game time = 2.800 -- Ratio = 0.070x
=== [Agent] -- Wallclock = 2026-05-05 20:28:03.668 -- System time = 40.574 -- Game time = 2.850 -- Ratio = 0.070x
=== [Agent] -- Wallclock = 2026-05-05 20:28:04.399 -- System time = 41.306 -- Game time = 2.900 -- Ratio = 0.070x
=== [Agent] -- Wallclock = 2026-05-05 20:28:04.803 -- System time = 41.709 -- Game time = 2.950 -- Ratio = 0.071x
=== [Agent] -- Wallclock = 2026-05-05 20:28:05.174 -- System time = 42.081 -- Game time = 3.000 -- Ratio = 0.071x
=== [Agent] -- Wallclock = 2026-05-05 20:28:05.654 -- System time = 42.560 -- Game time = 3.050 -- Ratio = 0.072x
=== [Agent] -- Wallclock = 2026-05-05 20:28:06.144 -- System time = 43.050 -- Game time = 3.100 -- Ratio = 0.072x
=== [Agent] -- Wallclock = 2026-05-05 20:28:06.683 -- System time = 43.590 -- Game time = 3.150 -- Ratio = 0.072x
=== [Agent] -- Wallclock = 2026-05-05 20:28:07.206 -- System time = 44.113 -- Game time = 3.200 -- Ratio = 0.073x
=== [Agent] -- Wallclock = 2026-05-05 20:28:07.704 -- System time = 44.610 -- Game time = 3.250 -- Ratio = 0.073x
=== [Agent] -- Wallclock = 2026-05-05 20:28:08.402 -- System time = 45.309 -- Game time = 3.300 -- Ratio = 0.073x
=== [Agent] -- Wallclock = 2026-05-05 20:28:09.040 -- System time = 45.947 -- Game time = 3.350 -- Ratio = 0.073x
=== [Agent] -- Wallclock = 2026-05-05 20:28:09.503 -- System time = 46.409 -- Game time = 3.400 -- Ratio = 0.073x
=== [Agent] -- Wallclock = 2026-05-05 20:28:10.022 -- System time = 46.929 -- Game time = 3.450 -- Ratio = 0.074x
=== [Agent] -- Wallclock = 2026-05-05 20:28:10.389 -- System time = 47.296 -- Game time = 3.500 -- Ratio = 0.074x
=== [Agent] -- Wallclock = 2026-05-05 20:28:11.086 -- System time = 47.993 -- Game time = 3.550 -- Ratio = 0.074x
=== [Agent] -- Wallclock = 2026-05-05 20:28:11.938 -- System time = 48.844 -- Game time = 3.600 -- Ratio = 0.074x
=== [Agent] -- Wallclock = 2026-05-05 20:28:12.519 -- System time = 49.426 -- Game time = 3.650 -- Ratio = 0.074x
=== [Agent] -- Wallclock = 2026-05-05 20:28:13.008 -- System time = 49.915 -- Game time = 3.700 -- Ratio = 0.074x
=== [Agent] -- Wallclock = 2026-05-05 20:28:13.514 -- System time = 50.421 -- Game time = 3.750 -- Ratio = 0.074x
=== [Agent] -- Wallclock = 2026-05-05 20:28:14.047 -- System time = 50.954 -- Game time = 3.800 -- Ratio = 0.075x
=== [Agent] -- Wallclock = 2026-05-05 20:28:14.565 -- System time = 51.472 -- Game time = 3.850 -- Ratio = 0.075x
=== [Agent] -- Wallclock = 2026-05-05 20:28:15.188 -- System time = 52.095 -- Game time = 3.900 -- Ratio = 0.075x
=== [Agent] -- Wallclock = 2026-05-05 20:28:15.771 -- System time = 52.677 -- Game time = 3.950 -- Ratio = 0.075x
=== [Agent] -- Wallclock = 2026-05-05 20:28:16.233 -- System time = 53.140 -- Game time = 4.000 -- Ratio = 0.075x
=== [Agent] -- Wallclock = 2026-05-05 20:28:17.171 -- System time = 54.078 -- Game time = 4.050 -- Ratio = 0.075x
=== [Agent] -- Wallclock = 2026-05-05 20:28:17.921 -- System time = 54.828 -- Game time = 4.100 -- Ratio = 0.075x
=== [Agent] -- Wallclock = 2026-05-05 20:28:18.847 -- System time = 55.754 -- Game time = 4.150 -- Ratio = 0.074x
=== [Agent] -- Wallclock = 2026-05-05 20:28:19.512 -- System time = 56.419 -- Game time = 4.200 -- Ratio = 0.074x
=== [Agent] -- Wallclock = 2026-05-05 20:28:20.084 -- System time = 56.991 -- Game time = 4.250 -- Ratio = 0.075x
=== [Agent] -- Wallclock = 2026-05-05 20:28:20.661 -- System time = 57.568 -- Game time = 4.300 -- Ratio = 0.075x
=== [Agent] -- Wallclock = 2026-05-05 20:28:21.250 -- System time = 58.157 -- Game time = 4.350 -- Ratio = 0.075x
=== [Agent] -- Wallclock = 2026-05-05 20:28:21.819 -- System time = 58.725 -- Game time = 4.400 -- Ratio = 0.075x
=== [Agent] -- Wallclock = 2026-05-05 20:28:22.524 -- System time = 59.430 -- Game time = 4.450 -- Ratio = 0.075x
=== [Agent] -- Wallclock = 2026-05-05 20:28:23.068 -- System time = 59.974 -- Game time = 4.500 -- Ratio = 0.075x
=== [Agent] -- Wallclock = 2026-05-05 20:28:23.576 -- System time = 60.483 -- Game time = 4.550 -- Ratio = 0.075x
=== [Agent] -- Wallclock = 2026-05-05 20:28:24.315 -- System time = 61.222 -- Game time = 4.600 -- Ratio = 0.075x
=== [Agent] -- Wallclock = 2026-05-05 20:28:25.510 -- System time = 62.417 -- Game time = 4.650 -- Ratio = 0.074x
=== [Agent] -- Wallclock = 2026-05-05 20:28:26.137 -- System time = 63.044 -- Game time = 4.700 -- Ratio = 0.075x
=== [Agent] -- Wallclock = 2026-05-05 20:28:26.832 -- System time = 63.739 -- Game time = 4.750 -- Ratio = 0.075x
