
[1m========= Preparing RouteScenario_0 (repetition 0) =========[0m
[1m> Loading the world[0m
[1m> Setting up the agent[0m
[1m> Running the route[0m
=== [Agent] -- Wallclock = 2026-05-05 17:48:20.698 -- System time = 0.000 -- Game time = 0.050 -- Ratio = 0.000x
Sparse Waypoints: 14
Dense Waypoints: 556
=== [Agent] -- Wallclock = 2026-05-05 17:48:21.124 -- System time = 0.425 -- Game time = 0.100 -- Ratio = 0.235x
=== [Agent] -- Wallclock = 2026-05-05 17:48:21.389 -- System time = 0.691 -- Game time = 0.150 -- Ratio = 0.217x
=== [Agent] -- Wallclock = 2026-05-05 17:48:21.518 -- System time = 0.820 -- Game time = 0.200 -- Ratio = 0.244x
=== [Agent] -- Wallclock = 2026-05-05 17:48:21.641 -- System time = 0.943 -- Game time = 0.250 -- Ratio = 0.265x
=== [Agent] -- Wallclock = 2026-05-05 17:48:21.790 -- System time = 1.092 -- Game time = 0.300 -- Ratio = 0.275x
=== [Agent] -- Wallclock = 2026-05-05 17:48:21.924 -- System time = 1.226 -- Game time = 0.350 -- Ratio = 0.285x
=== [Agent] -- Wallclock = 2026-05-05 17:48:22.058 -- System time = 1.360 -- Game time = 0.400 -- Ratio = 0.294x
=== [Agent] -- Wallclock = 2026-05-05 17:48:22.193 -- System time = 1.495 -- Game time = 0.450 -- Ratio = 0.301x
=== [Agent] -- Wallclock = 2026-05-05 17:48:22.332 -- System time = 1.633 -- Game time = 0.500 -- Ratio = 0.306x
=== [Agent] -- Wallclock = 2026-05-05 17:48:22.503 -- System time = 1.804 -- Game time = 0.550 -- Ratio = 0.305x
=== [Agent] -- Wallclock = 2026-05-05 17:48:22.712 -- System time = 2.014 -- Game time = 0.600 -- Ratio = 0.298x
=== [Agent] -- Wallclock = 2026-05-05 17:48:22.844 -- System time = 2.146 -- Game time = 0.650 -- Ratio = 0.303x
=== [Agent] -- Wallclock = 2026-05-05 17:48:22.975 -- System time = 2.277 -- Game time = 0.700 -- Ratio = 0.307x
=== [Agent] -- Wallclock = 2026-05-05 17:48:23.117 -- System time = 2.419 -- Game time = 0.750 -- Ratio = 0.310x
=== [Agent] -- Wallclock = 2026-05-05 17:48:23.250 -- System time = 2.552 -- Game time = 0.800 -- Ratio = 0.313x
=== [Agent] -- Wallclock = 2026-05-05 17:48:23.384 -- System time = 2.686 -- Game time = 0.850 -- Ratio = 0.317x
=== [Agent] -- Wallclock = 2026-05-05 17:48:23.517 -- System time = 2.819 -- Game time = 0.900 -- Ratio = 0.319x
=== [Agent] -- Wallclock = 2026-05-05 17:48:23.652 -- System time = 2.954 -- Game time = 0.950 -- Ratio = 0.322x
=== [Agent] -- Wallclock = 2026-05-05 17:48:23.764 -- System time = 3.066 -- Game time = 1.000 -- Ratio = 0.326x
=== [Agent] -- Wallclock = 2026-05-05 17:48:23.901 -- System time = 3.203 -- Game time = 1.050 -- Ratio = 0.328x
=== [Agent] -- Wallclock = 2026-05-05 17:48:24.057 -- System time = 3.359 -- Game time = 1.100 -- Ratio = 0.327x
=== [Agent] -- Wallclock = 2026-05-05 17:48:24.195 -- System time = 3.497 -- Game time = 1.150 -- Ratio = 0.329x
=== [Agent] -- Wallclock = 2026-05-05 17:48:24.328 -- System time = 3.630 -- Game time = 1.200 -- Ratio = 0.331x
=== [Agent] -- Wallclock = 2026-05-05 17:48:24.466 -- System time = 3.768 -- Game time = 1.250 -- Ratio = 0.332x
=== [Agent] -- Wallclock = 2026-05-05 17:48:24.607 -- System time = 3.909 -- Game time = 1.300 -- Ratio = 0.333x
=== [Agent] -- Wallclock = 2026-05-05 17:48:24.774 -- System time = 4.076 -- Game time = 1.350 -- Ratio = 0.331x
=== [Agent] -- Wallclock = 2026-05-05 17:48:24.914 -- System time = 4.216 -- Game time = 1.400 -- Ratio = 0.332x
=== [Agent] -- Wallclock = 2026-05-05 17:48:25.063 -- System time = 4.365 -- Game time = 1.450 -- Ratio = 0.332x
=== [Agent] -- Wallclock = 2026-05-05 17:48:25.220 -- System time = 4.522 -- Game time = 1.500 -- Ratio = 0.332x
=== [Agent] -- Wallclock = 2026-05-05 17:48:25.345 -- System time = 4.647 -- Game time = 1.550 -- Ratio = 0.334x
=== [Agent] -- Wallclock = 2026-05-05 17:48:25.509 -- System time = 4.811 -- Game time = 1.600 -- Ratio = 0.333x
=== [Agent] -- Wallclock = 2026-05-05 17:48:25.639 -- System time = 4.941 -- Game time = 1.650 -- Ratio = 0.334x
=== [Agent] -- Wallclock = 2026-05-05 17:48:25.778 -- System time = 5.080 -- Game time = 1.700 -- Ratio = 0.335x
=== [Agent] -- Wallclock = 2026-05-05 17:48:25.903 -- System time = 5.205 -- Game time = 1.750 -- Ratio = 0.336x
=== [Agent] -- Wallclock = 2026-05-05 17:48:26.035 -- System time = 5.337 -- Game time = 1.800 -- Ratio = 0.337x
=== [Agent] -- Wallclock = 2026-05-05 17:48:26.170 -- System time = 5.472 -- Game time = 1.850 -- Ratio = 0.338x
=== [Agent] -- Wallclock = 2026-05-05 17:48:26.306 -- System time = 5.607 -- Game time = 1.900 -- Ratio = 0.339x
=== [Agent] -- Wallclock = 2026-05-05 17:48:26.438 -- System time = 5.740 -- Game time = 1.950 -- Ratio = 0.340x
=== [Agent] -- Wallclock = 2026-05-05 17:48:26.577 -- System time = 5.879 -- Game time = 2.000 -- Ratio = 0.340x
=== [Agent] -- Wallclock = 2026-05-05 17:48:26.709 -- System time = 6.011 -- Game time = 2.050 -- Ratio = 0.341x
=== [Agent] -- Wallclock = 2026-05-05 17:48:26.872 -- System time = 6.174 -- Game time = 2.100 -- Ratio = 0.340x
=== [Agent] -- Wallclock = 2026-05-05 17:48:26.996 -- System time = 6.298 -- Game time = 2.150 -- Ratio = 0.341x
=== [Agent] -- Wallclock = 2026-05-05 17:48:27.138 -- System time = 6.440 -- Game time = 2.200 -- Ratio = 0.342x
=== [Agent] -- Wallclock = 2026-05-05 17:48:27.276 -- System time = 6.578 -- Game time = 2.250 -- Ratio = 0.342x
=== [Agent] -- Wallclock = 2026-05-05 17:48:27.400 -- System time = 6.702 -- Game time = 2.300 -- Ratio = 0.343x
=== [Agent] -- Wallclock = 2026-05-05 17:48:27.536 -- System time = 6.838 -- Game time = 2.350 -- Ratio = 0.344x
=== [Agent] -- Wallclock = 2026-05-05 17:48:27.669 -- System time = 6.971 -- Game time = 2.400 -- Ratio = 0.344x
=== [Agent] -- Wallclock = 2026-05-05 17:48:27.798 -- System time = 7.100 -- Game time = 2.450 -- Ratio = 0.345x
=== [Agent] -- Wallclock = 2026-05-05 17:48:27.926 -- System time = 7.228 -- Game time = 2.500 -- Ratio = 0.346x
=== [Agent] -- Wallclock = 2026-05-05 17:48:28.060 -- System time = 7.362 -- Game time = 2.550 -- Ratio = 0.346x
=== [Agent] -- Wallclock = 2026-05-05 17:48:28.229 -- System time = 7.531 -- Game time = 2.600 -- Ratio = 0.345x
=== [Agent] -- Wallclock = 2026-05-05 17:48:28.365 -- System time = 7.667 -- Game time = 2.650 -- Ratio = 0.346x
=== [Agent] -- Wallclock = 2026-05-05 17:48:28.491 -- System time = 7.793 -- Game time = 2.700 -- Ratio = 0.346x
=== [Agent] -- Wallclock = 2026-05-05 17:48:28.633 -- System time = 7.935 -- Game time = 2.750 -- Ratio = 0.347x
=== [Agent] -- Wallclock = 2026-05-05 17:48:28.761 -- System time = 8.063 -- Game time = 2.800 -- Ratio = 0.347x
=== [Agent] -- Wallclock = 2026-05-05 17:48:28.883 -- System time = 8.185 -- Game time = 2.850 -- Ratio = 0.348x
=== [Agent] -- Wallclock = 2026-05-05 17:48:29.020 -- System time = 8.322 -- Game time = 2.900 -- Ratio = 0.348x
=== [Agent] -- Wallclock = 2026-05-05 17:48:29.156 -- System time = 8.458 -- Game time = 2.950 -- Ratio = 0.349x
=== [Agent] -- Wallclock = 2026-05-05 17:48:29.296 -- System time = 8.598 -- Game time = 3.000 -- Ratio = 0.349x
=== [Agent] -- Wallclock = 2026-05-05 17:48:29.418 -- System time = 8.720 -- Game time = 3.050 -- Ratio = 0.350x
=== [Agent] -- Wallclock = 2026-05-05 17:48:29.582 -- System time = 8.884 -- Game time = 3.100 -- Ratio = 0.349x
=== [Agent] -- Wallclock = 2026-05-05 17:48:29.709 -- System time = 9.011 -- Game time = 3.150 -- Ratio = 0.350x
=== [Agent] -- Wallclock = 2026-05-05 17:48:29.837 -- System time = 9.139 -- Game time = 3.200 -- Ratio = 0.350x
=== [Agent] -- Wallclock = 2026-05-05 17:48:29.961 -- System time = 9.262 -- Game time = 3.250 -- Ratio = 0.351x
=== [Agent] -- Wallclock = 2026-05-05 17:48:30.077 -- System time = 9.379 -- Game time = 3.300 -- Ratio = 0.352x
=== [Agent] -- Wallclock = 2026-05-05 17:48:30.251 -- System time = 9.553 -- Game time = 3.350 -- Ratio = 0.351x
=== [Agent] -- Wallclock = 2026-05-05 17:48:30.388 -- System time = 9.690 -- Game time = 3.400 -- Ratio = 0.351x
=== [Agent] -- Wallclock = 2026-05-05 17:48:30.504 -- System time = 9.806 -- Game time = 3.450 -- Ratio = 0.352x
=== [Agent] -- Wallclock = 2026-05-05 17:48:30.636 -- System time = 9.938 -- Game time = 3.500 -- Ratio = 0.352x
=== [Agent] -- Wallclock = 2026-05-05 17:48:30.780 -- System time = 10.082 -- Game time = 3.550 -- Ratio = 0.352x
=== [Agent] -- Wallclock = 2026-05-05 17:48:30.937 -- System time = 10.239 -- Game time = 3.600 -- Ratio = 0.352x
=== [Agent] -- Wallclock = 2026-05-05 17:48:31.049 -- System time = 10.351 -- Game time = 3.650 -- Ratio = 0.353x
=== [Agent] -- Wallclock = 2026-05-05 17:48:31.178 -- System time = 10.479 -- Game time = 3.700 -- Ratio = 0.353x
=== [Agent] -- Wallclock = 2026-05-05 17:48:31.321 -- System time = 10.623 -- Game time = 3.750 -- Ratio = 0.353x
=== [Agent] -- Wallclock = 2026-05-05 17:48:31.481 -- System time = 10.783 -- Game time = 3.800 -- Ratio = 0.352x
=== [Agent] -- Wallclock = 2026-05-05 17:48:31.626 -- System time = 10.928 -- Game time = 3.850 -- Ratio = 0.352x
=== [Agent] -- Wallclock = 2026-05-05 17:48:31.783 -- System time = 11.085 -- Game time = 3.900 -- Ratio = 0.352x
=== [Agent] -- Wallclock = 2026-05-05 17:48:31.931 -- System time = 11.233 -- Game time = 3.950 -- Ratio = 0.352x
=== [Agent] -- Wallclock = 2026-05-05 17:48:32.076 -- System time = 11.378 -- Game time = 4.000 -- Ratio = 0.352x
=== [Agent] -- Wallclock = 2026-05-05 17:48:32.218 -- System time = 11.520 -- Game time = 4.050 -- Ratio = 0.352x
=== [Agent] -- Wallclock = 2026-05-05 17:48:32.407 -- System time = 11.709 -- Game time = 4.100 -- Ratio = 0.350x
=== [Agent] -- Wallclock = 2026-05-05 17:48:32.584 -- System time = 11.886 -- Game time = 4.150 -- Ratio = 0.349x
=== [Agent] -- Wallclock = 2026-05-05 17:48:32.740 -- System time = 12.042 -- Game time = 4.200 -- Ratio = 0.349x
=== [Agent] -- Wallclock = 2026-05-05 17:48:32.894 -- System time = 12.196 -- Game time = 4.250 -- Ratio = 0.348x
=== [Agent] -- Wallclock = 2026-05-05 17:48:33.038 -- System time = 12.340 -- Game time = 4.300 -- Ratio = 0.348x
=== [Agent] -- Wallclock = 2026-05-05 17:48:33.188 -- System time = 12.490 -- Game time = 4.350 -- Ratio = 0.348x
=== [Agent] -- Wallclock = 2026-05-05 17:48:33.347 -- System time = 12.649 -- Game time = 4.400 -- Ratio = 0.348x
=== [Agent] -- Wallclock = 2026-05-05 17:48:33.501 -- System time = 12.803 -- Game time = 4.450 -- Ratio = 0.348x
=== [Agent] -- Wallclock = 2026-05-05 17:48:33.650 -- System time = 12.951 -- Game time = 4.500 -- Ratio = 0.347x
=== [Agent] -- Wallclock = 2026-05-05 17:48:33.815 -- System time = 13.117 -- Game time = 4.550 -- Ratio = 0.347x
=== [Agent] -- Wallclock = 2026-05-05 17:48:34.003 -- System time = 13.305 -- Game time = 4.600 -- Ratio = 0.346x
=== [Agent] -- Wallclock = 2026-05-05 17:48:34.152 -- System time = 13.454 -- Game time = 4.650 -- Ratio = 0.346x
=== [Agent] -- Wallclock = 2026-05-05 17:48:34.323 -- System time = 13.625 -- Game time = 4.700 -- Ratio = 0.345x
=== [Agent] -- Wallclock = 2026-05-05 17:48:34.491 -- System time = 13.793 -- Game time = 4.750 -- Ratio = 0.344x
=== [Agent] -- Wallclock = 2026-05-05 17:48:34.673 -- System time = 13.975 -- Game time = 4.800 -- Ratio = 0.343x
=== [Agent] -- Wallclock = 2026-05-05 17:48:34.853 -- System time = 14.154 -- Game time = 4.850 -- Ratio = 0.343x
=== [Agent] -- Wallclock = 2026-05-05 17:48:35.029 -- System time = 14.331 -- Game time = 4.900 -- Ratio = 0.342x
=== [Agent] -- Wallclock = 2026-05-05 17:48:35.195 -- System time = 14.497 -- Game time = 4.950 -- Ratio = 0.341x
=== [Agent] -- Wallclock = 2026-05-05 17:48:35.390 -- System time = 14.692 -- Game time = 5.000 -- Ratio = 0.340x
=== [Agent] -- Wallclock = 2026-05-05 17:48:35.554 -- System time = 14.856 -- Game time = 5.050 -- Ratio = 0.340x
=== [Agent] -- Wallclock = 2026-05-05 17:48:35.749 -- System time = 15.051 -- Game time = 5.100 -- Ratio = 0.339x
=== [Agent] -- Wallclock = 2026-05-05 17:48:35.922 -- System time = 15.224 -- Game time = 5.150 -- Ratio = 0.338x
=== [Agent] -- Wallclock = 2026-05-05 17:48:36.087 -- System time = 15.389 -- Game time = 5.200 -- Ratio = 0.338x
=== [Agent] -- Wallclock = 2026-05-05 17:48:36.246 -- System time = 15.548 -- Game time = 5.250 -- Ratio = 0.338x
=== [Agent] -- Wallclock = 2026-05-05 17:48:36.421 -- System time = 15.723 -- Game time = 5.300 -- Ratio = 0.337x
=== [Agent] -- Wallclock = 2026-05-05 17:48:36.583 -- System time = 15.885 -- Game time = 5.350 -- Ratio = 0.337x
=== [Agent] -- Wallclock = 2026-05-05 17:48:36.735 -- System time = 16.037 -- Game time = 5.400 -- Ratio = 0.337x
=== [Agent] -- Wallclock = 2026-05-05 17:48:36.927 -- System time = 16.229 -- Game time = 5.450 -- Ratio = 0.336x
=== [Agent] -- Wallclock = 2026-05-05 17:48:37.108 -- System time = 16.410 -- Game time = 5.500 -- Ratio = 0.335x
=== [Agent] -- Wallclock = 2026-05-05 17:48:37.295 -- System time = 16.597 -- Game time = 5.550 -- Ratio = 0.334x
=== [Agent] -- Wallclock = 2026-05-05 17:48:37.554 -- System time = 16.856 -- Game time = 5.600 -- Ratio = 0.332x
=== [Agent] -- Wallclock = 2026-05-05 17:48:37.741 -- System time = 17.042 -- Game time = 5.650 -- Ratio = 0.332x
=== [Agent] -- Wallclock = 2026-05-05 17:48:37.906 -- System time = 17.208 -- Game time = 5.700 -- Ratio = 0.331x
=== [Agent] -- Wallclock = 2026-05-05 17:48:38.071 -- System time = 17.372 -- Game time = 5.750 -- Ratio = 0.331x
=== [Agent] -- Wallclock = 2026-05-05 17:48:38.237 -- System time = 17.539 -- Game time = 5.800 -- Ratio = 0.331x
=== [Agent] -- Wallclock = 2026-05-05 17:48:38.401 -- System time = 17.703 -- Game time = 5.850 -- Ratio = 0.330x
=== [Agent] -- Wallclock = 2026-05-05 17:48:38.572 -- System time = 17.874 -- Game time = 5.900 -- Ratio = 0.330x
=== [Agent] -- Wallclock = 2026-05-05 17:48:38.732 -- System time = 18.034 -- Game time = 5.950 -- Ratio = 0.330x
=== [Agent] -- Wallclock = 2026-05-05 17:48:38.895 -- System time = 18.197 -- Game time = 6.000 -- Ratio = 0.330x
=== [Agent] -- Wallclock = 2026-05-05 17:48:39.184 -- System time = 18.486 -- Game time = 6.050 -- Ratio = 0.327x
=== [Agent] -- Wallclock = 2026-05-05 17:48:39.386 -- System time = 18.688 -- Game time = 6.100 -- Ratio = 0.326x
=== [Agent] -- Wallclock = 2026-05-05 17:48:39.555 -- System time = 18.857 -- Game time = 6.150 -- Ratio = 0.326x
=== [Agent] -- Wallclock = 2026-05-05 17:48:39.720 -- System time = 19.022 -- Game time = 6.200 -- Ratio = 0.326x
=== [Agent] -- Wallclock = 2026-05-05 17:48:39.896 -- System time = 19.198 -- Game time = 6.250 -- Ratio = 0.326x
=== [Agent] -- Wallclock = 2026-05-05 17:48:40.079 -- System time = 19.380 -- Game time = 6.300 -- Ratio = 0.325x
=== [Agent] -- Wallclock = 2026-05-05 17:48:40.274 -- System time = 19.576 -- Game time = 6.350 -- Ratio = 0.324x
=== [Agent] -- Wallclock = 2026-05-05 17:48:40.467 -- System time = 19.769 -- Game time = 6.400 -- Ratio = 0.324x
=== [Agent] -- Wallclock = 2026-05-05 17:48:40.643 -- System time = 19.945 -- Game time = 6.450 -- Ratio = 0.323x
=== [Agent] -- Wallclock = 2026-05-05 17:48:40.819 -- System time = 20.121 -- Game time = 6.500 -- Ratio = 0.323x
=== [Agent] -- Wallclock = 2026-05-05 17:48:40.994 -- System time = 20.296 -- Game time = 6.550 -- Ratio = 0.323x
=== [Agent] -- Wallclock = 2026-05-05 17:48:41.193 -- System time = 20.495 -- Game time = 6.600 -- Ratio = 0.322x
=== [Agent] -- Wallclock = 2026-05-05 17:48:41.377 -- System time = 20.679 -- Game time = 6.650 -- Ratio = 0.322x
=== [Agent] -- Wallclock = 2026-05-05 17:48:41.550 -- System time = 20.852 -- Game time = 6.700 -- Ratio = 0.321x
=== [Agent] -- Wallclock = 2026-05-05 17:48:41.717 -- System time = 21.019 -- Game time = 6.750 -- Ratio = 0.321x
=== [Agent] -- Wallclock = 2026-05-05 17:48:41.921 -- System time = 21.223 -- Game time = 6.800 -- Ratio = 0.320x
=== [Agent] -- Wallclock = 2026-05-05 17:48:42.086 -- System time = 21.388 -- Game time = 6.850 -- Ratio = 0.320x
=== [Agent] -- Wallclock = 2026-05-05 17:48:42.253 -- System time = 21.555 -- Game time = 6.900 -- Ratio = 0.320x
=== [Agent] -- Wallclock = 2026-05-05 17:48:42.433 -- System time = 21.735 -- Game time = 6.950 -- Ratio = 0.320x
=== [Agent] -- Wallclock = 2026-05-05 17:48:42.639 -- System time = 21.941 -- Game time = 7.000 -- Ratio = 0.319x
=== [Agent] -- Wallclock = 2026-05-05 17:48:42.798 -- System time = 22.099 -- Game time = 7.050 -- Ratio = 0.319x
=== [Agent] -- Wallclock = 2026-05-05 17:48:43.014 -- System time = 22.316 -- Game time = 7.100 -- Ratio = 0.318x
=== [Agent] -- Wallclock = 2026-05-05 17:48:43.182 -- System time = 22.484 -- Game time = 7.150 -- Ratio = 0.318x
=== [Agent] -- Wallclock = 2026-05-05 17:48:43.357 -- System time = 22.658 -- Game time = 7.200 -- Ratio = 0.318x
=== [Agent] -- Wallclock = 2026-05-05 17:48:43.535 -- System time = 22.836 -- Game time = 7.250 -- Ratio = 0.317x
=== [Agent] -- Wallclock = 2026-05-05 17:48:43.714 -- System time = 23.016 -- Game time = 7.300 -- Ratio = 0.317x
=== [Agent] -- Wallclock = 2026-05-05 17:48:43.874 -- System time = 23.176 -- Game time = 7.350 -- Ratio = 0.317x
=== [Agent] -- Wallclock = 2026-05-05 17:48:44.054 -- System time = 23.356 -- Game time = 7.400 -- Ratio = 0.317x
=== [Agent] -- Wallclock = 2026-05-05 17:48:44.227 -- System time = 23.529 -- Game time = 7.450 -- Ratio = 0.317x
=== [Agent] -- Wallclock = 2026-05-05 17:48:44.397 -- System time = 23.699 -- Game time = 7.500 -- Ratio = 0.316x
=== [Agent] -- Wallclock = 2026-05-05 17:48:44.565 -- System time = 23.867 -- Game time = 7.550 -- Ratio = 0.316x
=== [Agent] -- Wallclock = 2026-05-05 17:48:44.899 -- System time = 24.201 -- Game time = 7.600 -- Ratio = 0.314x
=== [Agent] -- Wallclock = 2026-05-05 17:48:45.078 -- System time = 24.380 -- Game time = 7.650 -- Ratio = 0.314x
=== [Agent] -- Wallclock = 2026-05-05 17:48:45.252 -- System time = 24.554 -- Game time = 7.700 -- Ratio = 0.314x
=== [Agent] -- Wallclock = 2026-05-05 17:48:45.450 -- System time = 24.752 -- Game time = 7.750 -- Ratio = 0.313x
=== [Agent] -- Wallclock = 2026-05-05 17:48:45.626 -- System time = 24.928 -- Game time = 7.800 -- Ratio = 0.313x
=== [Agent] -- Wallclock = 2026-05-05 17:48:45.792 -- System time = 25.094 -- Game time = 7.850 -- Ratio = 0.313x
=== [Agent] -- Wallclock = 2026-05-05 17:48:45.958 -- System time = 25.260 -- Game time = 7.900 -- Ratio = 0.313x
=== [Agent] -- Wallclock = 2026-05-05 17:48:46.167 -- System time = 25.469 -- Game time = 7.950 -- Ratio = 0.312x
=== [Agent] -- Wallclock = 2026-05-05 17:48:46.357 -- System time = 25.659 -- Game time = 8.000 -- Ratio = 0.312x
=== [Agent] -- Wallclock = 2026-05-05 17:48:46.528 -- System time = 25.830 -- Game time = 8.050 -- Ratio = 0.312x
=== [Agent] -- Wallclock = 2026-05-05 17:48:46.735 -- System time = 26.037 -- Game time = 8.100 -- Ratio = 0.311x
=== [Agent] -- Wallclock = 2026-05-05 17:48:46.918 -- System time = 26.220 -- Game time = 8.150 -- Ratio = 0.311x
=== [Agent] -- Wallclock = 2026-05-05 17:48:47.077 -- System time = 26.379 -- Game time = 8.200 -- Ratio = 0.311x
=== [Agent] -- Wallclock = 2026-05-05 17:48:47.263 -- System time = 26.565 -- Game time = 8.250 -- Ratio = 0.311x
=== [Agent] -- Wallclock = 2026-05-05 17:48:47.452 -- System time = 26.754 -- Game time = 8.300 -- Ratio = 0.310x
=== [Agent] -- Wallclock = 2026-05-05 17:48:47.639 -- System time = 26.940 -- Game time = 8.350 -- Ratio = 0.310x
=== [Agent] -- Wallclock = 2026-05-05 17:48:47.830 -- System time = 27.132 -- Game time = 8.400 -- Ratio = 0.310x
=== [Agent] -- Wallclock = 2026-05-05 17:48:48.022 -- System time = 27.324 -- Game time = 8.450 -- Ratio = 0.309x
=== [Agent] -- Wallclock = 2026-05-05 17:48:48.211 -- System time = 27.513 -- Game time = 8.500 -- Ratio = 0.309x
=== [Agent] -- Wallclock = 2026-05-05 17:48:48.396 -- System time = 27.698 -- Game time = 8.550 -- Ratio = 0.309x
=== [Agent] -- Wallclock = 2026-05-05 17:48:48.610 -- System time = 27.911 -- Game time = 8.600 -- Ratio = 0.308x
=== [Agent] -- Wallclock = 2026-05-05 17:48:48.788 -- System time = 28.090 -- Game time = 8.650 -- Ratio = 0.308x
=== [Agent] -- Wallclock = 2026-05-05 17:48:48.978 -- System time = 28.280 -- Game time = 8.700 -- Ratio = 0.308x
=== [Agent] -- Wallclock = 2026-05-05 17:48:49.159 -- System time = 28.461 -- Game time = 8.750 -- Ratio = 0.307x
=== [Agent] -- Wallclock = 2026-05-05 17:48:49.342 -- System time = 28.644 -- Game time = 8.800 -- Ratio = 0.307x
=== [Agent] -- Wallclock = 2026-05-05 17:48:49.539 -- System time = 28.841 -- Game time = 8.850 -- Ratio = 0.307x
=== [Agent] -- Wallclock = 2026-05-05 17:48:49.729 -- System time = 29.031 -- Game time = 8.900 -- Ratio = 0.307x
=== [Agent] -- Wallclock = 2026-05-05 17:48:49.920 -- System time = 29.222 -- Game time = 8.950 -- Ratio = 0.306x
=== [Agent] -- Wallclock = 2026-05-05 17:48:50.109 -- System time = 29.410 -- Game time = 9.000 -- Ratio = 0.306x
=== [Agent] -- Wallclock = 2026-05-05 17:48:50.286 -- System time = 29.588 -- Game time = 9.050 -- Ratio = 0.306x
=== [Agent] -- Wallclock = 2026-05-05 17:48:50.535 -- System time = 29.837 -- Game time = 9.100 -- Ratio = 0.305x
=== [Agent] -- Wallclock = 2026-05-05 17:48:50.723 -- System time = 30.025 -- Game time = 9.150 -- Ratio = 0.305x
=== [Agent] -- Wallclock = 2026-05-05 17:48:50.931 -- System time = 30.233 -- Game time = 9.200 -- Ratio = 0.304x
=== [Agent] -- Wallclock = 2026-05-05 17:48:51.117 -- System time = 30.419 -- Game time = 9.250 -- Ratio = 0.304x
=== [Agent] -- Wallclock = 2026-05-05 17:48:51.288 -- System time = 30.590 -- Game time = 9.300 -- Ratio = 0.304x
=== [Agent] -- Wallclock = 2026-05-05 17:48:51.487 -- System time = 30.789 -- Game time = 9.350 -- Ratio = 0.304x
=== [Agent] -- Wallclock = 2026-05-05 17:48:51.682 -- System time = 30.984 -- Game time = 9.400 -- Ratio = 0.303x
=== [Agent] -- Wallclock = 2026-05-05 17:48:51.880 -- System time = 31.182 -- Game time = 9.450 -- Ratio = 0.303x
=== [Agent] -- Wallclock = 2026-05-05 17:48:52.077 -- System time = 31.379 -- Game time = 9.500 -- Ratio = 0.303x
=== [Agent] -- Wallclock = 2026-05-05 17:48:52.272 -- System time = 31.574 -- Game time = 9.550 -- Ratio = 0.302x
=== [Agent] -- Wallclock = 2026-05-05 17:48:52.515 -- System time = 31.817 -- Game time = 9.600 -- Ratio = 0.302x
=== [Agent] -- Wallclock = 2026-05-05 17:48:52.700 -- System time = 32.002 -- Game time = 9.650 -- Ratio = 0.302x
=== [Agent] -- Wallclock = 2026-05-05 17:48:52.876 -- System time = 32.178 -- Game time = 9.700 -- Ratio = 0.301x
=== [Agent] -- Wallclock = 2026-05-05 17:48:53.068 -- System time = 32.370 -- Game time = 9.750 -- Ratio = 0.301x
=== [Agent] -- Wallclock = 2026-05-05 17:48:53.251 -- System time = 32.553 -- Game time = 9.800 -- Ratio = 0.301x
=== [Agent] -- Wallclock = 2026-05-05 17:48:53.431 -- System time = 32.733 -- Game time = 9.850 -- Ratio = 0.301x
=== [Agent] -- Wallclock = 2026-05-05 17:48:53.622 -- System time = 32.924 -- Game time = 9.900 -- Ratio = 0.301x
=== [Agent] -- Wallclock = 2026-05-05 17:48:53.818 -- System time = 33.120 -- Game time = 9.950 -- Ratio = 0.300x
=== [Agent] -- Wallclock = 2026-05-05 17:48:53.999 -- System time = 33.301 -- Game time = 10.000 -- Ratio = 0.300x
=== [Agent] -- Wallclock = 2026-05-05 17:48:54.198 -- System time = 33.500 -- Game time = 10.050 -- Ratio = 0.300x
=== [Agent] -- Wallclock = 2026-05-05 17:48:54.402 -- System time = 33.704 -- Game time = 10.100 -- Ratio = 0.300x
=== [Agent] -- Wallclock = 2026-05-05 17:48:54.587 -- System time = 33.889 -- Game time = 10.150 -- Ratio = 0.300x
=== [Agent] -- Wallclock = 2026-05-05 17:48:54.774 -- System time = 34.076 -- Game time = 10.200 -- Ratio = 0.299x
=== [Agent] -- Wallclock = 2026-05-05 17:48:54.953 -- System time = 34.255 -- Game time = 10.250 -- Ratio = 0.299x
=== [Agent] -- Wallclock = 2026-05-05 17:48:55.167 -- System time = 34.469 -- Game time = 10.300 -- Ratio = 0.299x
=== [Agent] -- Wallclock = 2026-05-05 17:48:55.354 -- System time = 34.656 -- Game time = 10.350 -- Ratio = 0.299x
=== [Agent] -- Wallclock = 2026-05-05 17:48:55.568 -- System time = 34.870 -- Game time = 10.400 -- Ratio = 0.298x
=== [Agent] -- Wallclock = 2026-05-05 17:48:55.764 -- System time = 35.066 -- Game time = 10.450 -- Ratio = 0.298x
=== [Agent] -- Wallclock = 2026-05-05 17:48:55.939 -- System time = 35.241 -- Game time = 10.500 -- Ratio = 0.298x
=== [Agent] -- Wallclock = 2026-05-05 17:48:56.121 -- System time = 35.423 -- Game time = 10.550 -- Ratio = 0.298x
=== [Agent] -- Wallclock = 2026-05-05 17:48:56.392 -- System time = 35.694 -- Game time = 10.600 -- Ratio = 0.297x
=== [Agent] -- Wallclock = 2026-05-05 17:48:56.584 -- System time = 35.885 -- Game time = 10.650 -- Ratio = 0.297x
=== [Agent] -- Wallclock = 2026-05-05 17:48:56.820 -- System time = 36.122 -- Game time = 10.700 -- Ratio = 0.296x
=== [Agent] -- Wallclock = 2026-05-05 17:48:57.019 -- System time = 36.321 -- Game time = 10.750 -- Ratio = 0.296x
=== [Agent] -- Wallclock = 2026-05-05 17:48:57.201 -- System time = 36.503 -- Game time = 10.800 -- Ratio = 0.296x
=== [Agent] -- Wallclock = 2026-05-05 17:48:57.390 -- System time = 36.692 -- Game time = 10.850 -- Ratio = 0.296x
=== [Agent] -- Wallclock = 2026-05-05 17:48:57.579 -- System time = 36.881 -- Game time = 10.900 -- Ratio = 0.296x
=== [Agent] -- Wallclock = 2026-05-05 17:48:57.757 -- System time = 37.059 -- Game time = 10.950 -- Ratio = 0.295x
=== [Agent] -- Wallclock = 2026-05-05 17:48:57.951 -- System time = 37.253 -- Game time = 11.000 -- Ratio = 0.295x
=== [Agent] -- Wallclock = 2026-05-05 17:48:58.138 -- System time = 37.440 -- Game time = 11.050 -- Ratio = 0.295x
=== [Agent] -- Wallclock = 2026-05-05 17:48:58.354 -- System time = 37.656 -- Game time = 11.100 -- Ratio = 0.295x
=== [Agent] -- Wallclock = 2026-05-05 17:48:58.538 -- System time = 37.840 -- Game time = 11.150 -- Ratio = 0.295x
=== [Agent] -- Wallclock = 2026-05-05 17:48:58.708 -- System time = 38.010 -- Game time = 11.200 -- Ratio = 0.295x
=== [Agent] -- Wallclock = 2026-05-05 17:48:58.900 -- System time = 38.202 -- Game time = 11.250 -- Ratio = 0.294x
=== [Agent] -- Wallclock = 2026-05-05 17:48:59.089 -- System time = 38.391 -- Game time = 11.300 -- Ratio = 0.294x
=== [Agent] -- Wallclock = 2026-05-05 17:48:59.266 -- System time = 38.568 -- Game time = 11.350 -- Ratio = 0.294x
=== [Agent] -- Wallclock = 2026-05-05 17:48:59.451 -- System time = 38.753 -- Game time = 11.400 -- Ratio = 0.294x
=== [Agent] -- Wallclock = 2026-05-05 17:48:59.637 -- System time = 38.939 -- Game time = 11.450 -- Ratio = 0.294x
=== [Agent] -- Wallclock = 2026-05-05 17:48:59.815 -- System time = 39.117 -- Game time = 11.500 -- Ratio = 0.294x
=== [Agent] -- Wallclock = 2026-05-05 17:48:59.999 -- System time = 39.301 -- Game time = 11.550 -- Ratio = 0.294x
=== [Agent] -- Wallclock = 2026-05-05 17:49:00.247 -- System time = 39.549 -- Game time = 11.600 -- Ratio = 0.293x
=== [Agent] -- Wallclock = 2026-05-05 17:49:00.430 -- System time = 39.731 -- Game time = 11.650 -- Ratio = 0.293x
=== [Agent] -- Wallclock = 2026-05-05 17:49:00.691 -- System time = 39.993 -- Game time = 11.700 -- Ratio = 0.293x
=== [Agent] -- Wallclock = 2026-05-05 17:49:00.865 -- System time = 40.167 -- Game time = 11.750 -- Ratio = 0.293x
=== [Agent] -- Wallclock = 2026-05-05 17:49:01.052 -- System time = 40.354 -- Game time = 11.800 -- Ratio = 0.292x
=== [Agent] -- Wallclock = 2026-05-05 17:49:01.239 -- System time = 40.540 -- Game time = 11.850 -- Ratio = 0.292x
=== [Agent] -- Wallclock = 2026-05-05 17:49:01.420 -- System time = 40.722 -- Game time = 11.900 -- Ratio = 0.292x
=== [Agent] -- Wallclock = 2026-05-05 17:49:01.609 -- System time = 40.911 -- Game time = 11.950 -- Ratio = 0.292x
=== [Agent] -- Wallclock = 2026-05-05 17:49:01.803 -- System time = 41.105 -- Game time = 12.000 -- Ratio = 0.292x
=== [Agent] -- Wallclock = 2026-05-05 17:49:01.985 -- System time = 41.287 -- Game time = 12.050 -- Ratio = 0.292x
=== [Agent] -- Wallclock = 2026-05-05 17:49:02.237 -- System time = 41.539 -- Game time = 12.100 -- Ratio = 0.291x
=== [Agent] -- Wallclock = 2026-05-05 17:49:02.436 -- System time = 41.737 -- Game time = 12.150 -- Ratio = 0.291x
=== [Agent] -- Wallclock = 2026-05-05 17:49:02.698 -- System time = 42.000 -- Game time = 12.200 -- Ratio = 0.290x
=== [Agent] -- Wallclock = 2026-05-05 17:49:02.901 -- System time = 42.203 -- Game time = 12.250 -- Ratio = 0.290x
=== [Agent] -- Wallclock = 2026-05-05 17:49:03.097 -- System time = 42.399 -- Game time = 12.300 -- Ratio = 0.290x
=== [Agent] -- Wallclock = 2026-05-05 17:49:03.308 -- System time = 42.610 -- Game time = 12.350 -- Ratio = 0.290x
=== [Agent] -- Wallclock = 2026-05-05 17:49:03.527 -- System time = 42.829 -- Game time = 12.400 -- Ratio = 0.290x
=== [Agent] -- Wallclock = 2026-05-05 17:49:03.766 -- System time = 43.068 -- Game time = 12.450 -- Ratio = 0.289x
=== [Agent] -- Wallclock = 2026-05-05 17:49:03.990 -- System time = 43.292 -- Game time = 12.500 -- Ratio = 0.289x
=== [Agent] -- Wallclock = 2026-05-05 17:49:04.207 -- System time = 43.509 -- Game time = 12.550 -- Ratio = 0.288x
=== [Agent] -- Wallclock = 2026-05-05 17:49:04.461 -- System time = 43.763 -- Game time = 12.600 -- Ratio = 0.288x
=== [Agent] -- Wallclock = 2026-05-05 17:49:04.692 -- System time = 43.994 -- Game time = 12.650 -- Ratio = 0.288x
=== [Agent] -- Wallclock = 2026-05-05 17:49:04.917 -- System time = 44.219 -- Game time = 12.700 -- Ratio = 0.287x
=== [Agent] -- Wallclock = 2026-05-05 17:49:05.127 -- System time = 44.429 -- Game time = 12.750 -- Ratio = 0.287x
=== [Agent] -- Wallclock = 2026-05-05 17:49:05.352 -- System time = 44.654 -- Game time = 12.800 -- Ratio = 0.287x
=== [Agent] -- Wallclock = 2026-05-05 17:49:05.581 -- System time = 44.883 -- Game time = 12.850 -- Ratio = 0.286x
=== [Agent] -- Wallclock = 2026-05-05 17:49:05.813 -- System time = 45.114 -- Game time = 12.900 -- Ratio = 0.286x
=== [Agent] -- Wallclock = 2026-05-05 17:49:06.033 -- System time = 45.335 -- Game time = 12.950 -- Ratio = 0.286x
=== [Agent] -- Wallclock = 2026-05-05 17:49:06.256 -- System time = 45.558 -- Game time = 13.000 -- Ratio = 0.285x
=== [Agent] -- Wallclock = 2026-05-05 17:49:06.480 -- System time = 45.782 -- Game time = 13.050 -- Ratio = 0.285x
=== [Agent] -- Wallclock = 2026-05-05 17:49:06.719 -- System time = 46.020 -- Game time = 13.100 -- Ratio = 0.285x
=== [Agent] -- Wallclock = 2026-05-05 17:49:06.949 -- System time = 46.251 -- Game time = 13.150 -- Ratio = 0.284x
=== [Agent] -- Wallclock = 2026-05-05 17:49:07.169 -- System time = 46.471 -- Game time = 13.200 -- Ratio = 0.284x
=== [Agent] -- Wallclock = 2026-05-05 17:49:07.402 -- System time = 46.704 -- Game time = 13.250 -- Ratio = 0.284x
=== [Agent] -- Wallclock = 2026-05-05 17:49:07.623 -- System time = 46.924 -- Game time = 13.300 -- Ratio = 0.283x
=== [Agent] -- Wallclock = 2026-05-05 17:49:07.835 -- System time = 47.137 -- Game time = 13.350 -- Ratio = 0.283x
=== [Agent] -- Wallclock = 2026-05-05 17:49:08.070 -- System time = 47.372 -- Game time = 13.400 -- Ratio = 0.283x
=== [Agent] -- Wallclock = 2026-05-05 17:49:08.291 -- System time = 47.593 -- Game time = 13.450 -- Ratio = 0.283x
=== [Agent] -- Wallclock = 2026-05-05 17:49:08.526 -- System time = 47.828 -- Game time = 13.500 -- Ratio = 0.282x
=== [Agent] -- Wallclock = 2026-05-05 17:49:08.761 -- System time = 48.063 -- Game time = 13.550 -- Ratio = 0.282x
=== [Agent] -- Wallclock = 2026-05-05 17:49:09.051 -- System time = 48.353 -- Game time = 13.600 -- Ratio = 0.281x
=== [Agent] -- Wallclock = 2026-05-05 17:49:09.293 -- System time = 48.595 -- Game time = 13.650 -- Ratio = 0.281x
=== [Agent] -- Wallclock = 2026-05-05 17:49:09.544 -- System time = 48.846 -- Game time = 13.700 -- Ratio = 0.280x
=== [Agent] -- Wallclock = 2026-05-05 17:49:09.774 -- System time = 49.076 -- Game time = 13.750 -- Ratio = 0.280x
=== [Agent] -- Wallclock = 2026-05-05 17:49:10.030 -- System time = 49.332 -- Game time = 13.800 -- Ratio = 0.280x
=== [Agent] -- Wallclock = 2026-05-05 17:49:10.263 -- System time = 49.565 -- Game time = 13.850 -- Ratio = 0.279x
=== [Agent] -- Wallclock = 2026-05-05 17:49:10.504 -- System time = 49.806 -- Game time = 13.900 -- Ratio = 0.279x
=== [Agent] -- Wallclock = 2026-05-05 17:49:10.774 -- System time = 50.076 -- Game time = 13.950 -- Ratio = 0.279x
=== [Agent] -- Wallclock = 2026-05-05 17:49:11.012 -- System time = 50.314 -- Game time = 14.000 -- Ratio = 0.278x
=== [Agent] -- Wallclock = 2026-05-05 17:49:11.255 -- System time = 50.557 -- Game time = 14.050 -- Ratio = 0.278x
=== [Agent] -- Wallclock = 2026-05-05 17:49:11.561 -- System time = 50.863 -- Game time = 14.100 -- Ratio = 0.277x
=== [Agent] -- Wallclock = 2026-05-05 17:49:11.795 -- System time = 51.097 -- Game time = 14.150 -- Ratio = 0.277x
=== [Agent] -- Wallclock = 2026-05-05 17:49:12.035 -- System time = 51.336 -- Game time = 14.200 -- Ratio = 0.277x
=== [Agent] -- Wallclock = 2026-05-05 17:49:12.277 -- System time = 51.579 -- Game time = 14.250 -- Ratio = 0.276x
=== [Agent] -- Wallclock = 2026-05-05 17:49:12.539 -- System time = 51.841 -- Game time = 14.300 -- Ratio = 0.276x
=== [Agent] -- Wallclock = 2026-05-05 17:49:12.775 -- System time = 52.077 -- Game time = 14.350 -- Ratio = 0.276x
=== [Agent] -- Wallclock = 2026-05-05 17:49:13.017 -- System time = 52.318 -- Game time = 14.400 -- Ratio = 0.275x
=== [Agent] -- Wallclock = 2026-05-05 17:49:13.253 -- System time = 52.555 -- Game time = 14.450 -- Ratio = 0.275x
=== [Agent] -- Wallclock = 2026-05-05 17:49:13.490 -- System time = 52.792 -- Game time = 14.500 -- Ratio = 0.275x
=== [Agent] -- Wallclock = 2026-05-05 17:49:13.727 -- System time = 53.029 -- Game time = 14.550 -- Ratio = 0.274x
=== [Agent] -- Wallclock = 2026-05-05 17:49:13.999 -- System time = 53.301 -- Game time = 14.600 -- Ratio = 0.274x
=== [Agent] -- Wallclock = 2026-05-05 17:49:14.237 -- System time = 53.539 -- Game time = 14.650 -- Ratio = 0.274x
=== [Agent] -- Wallclock = 2026-05-05 17:49:14.470 -- System time = 53.772 -- Game time = 14.700 -- Ratio = 0.273x
=== [Agent] -- Wallclock = 2026-05-05 17:49:14.726 -- System time = 54.027 -- Game time = 14.750 -- Ratio = 0.273x
=== [Agent] -- Wallclock = 2026-05-05 17:49:14.960 -- System time = 54.262 -- Game time = 14.800 -- Ratio = 0.273x
=== [Agent] -- Wallclock = 2026-05-05 17:49:15.204 -- System time = 54.505 -- Game time = 14.850 -- Ratio = 0.272x
=== [Agent] -- Wallclock = 2026-05-05 17:49:15.449 -- System time = 54.751 -- Game time = 14.900 -- Ratio = 0.272x
=== [Agent] -- Wallclock = 2026-05-05 17:49:15.684 -- System time = 54.986 -- Game time = 14.950 -- Ratio = 0.272x
=== [Agent] -- Wallclock = 2026-05-05 17:49:15.936 -- System time = 55.237 -- Game time = 15.000 -- Ratio = 0.272x
=== [Agent] -- Wallclock = 2026-05-05 17:49:16.227 -- System time = 55.529 -- Game time = 15.050 -- Ratio = 0.271x
=== [Agent] -- Wallclock = 2026-05-05 17:49:16.526 -- System time = 55.828 -- Game time = 15.100 -- Ratio = 0.270x
=== [Agent] -- Wallclock = 2026-05-05 17:49:16.781 -- System time = 56.083 -- Game time = 15.150 -- Ratio = 0.270x
=== [Agent] -- Wallclock = 2026-05-05 17:49:17.024 -- System time = 56.326 -- Game time = 15.200 -- Ratio = 0.270x
=== [Agent] -- Wallclock = 2026-05-05 17:49:17.260 -- System time = 56.562 -- Game time = 15.250 -- Ratio = 0.270x
=== [Agent] -- Wallclock = 2026-05-05 17:49:17.510 -- System time = 56.812 -- Game time = 15.300 -- Ratio = 0.269x
=== [Agent] -- Wallclock = 2026-05-05 17:49:17.744 -- System time = 57.046 -- Game time = 15.350 -- Ratio = 0.269x
=== [Agent] -- Wallclock = 2026-05-05 17:49:17.982 -- System time = 57.284 -- Game time = 15.400 -- Ratio = 0.269x
=== [Agent] -- Wallclock = 2026-05-05 17:49:18.201 -- System time = 57.503 -- Game time = 15.450 -- Ratio = 0.269x
=== [Agent] -- Wallclock = 2026-05-05 17:49:18.455 -- System time = 57.757 -- Game time = 15.500 -- Ratio = 0.268x
=== [Agent] -- Wallclock = 2026-05-05 17:49:18.613 -- System time = 57.915 -- Game time = 15.550 -- Ratio = 0.268x
=== [Agent] -- Wallclock = 2026-05-05 17:49:18.817 -- System time = 58.118 -- Game time = 15.600 -- Ratio = 0.268x
=== [Agent] -- Wallclock = 2026-05-05 17:49:18.988 -- System time = 58.290 -- Game time = 15.650 -- Ratio = 0.268x
=== [Agent] -- Wallclock = 2026-05-05 17:49:19.158 -- System time = 58.460 -- Game time = 15.700 -- Ratio = 0.269x
=== [Agent] -- Wallclock = 2026-05-05 17:49:19.323 -- System time = 58.625 -- Game time = 15.750 -- Ratio = 0.269x
=== [Agent] -- Wallclock = 2026-05-05 17:49:19.502 -- System time = 58.804 -- Game time = 15.800 -- Ratio = 0.269x
=== [Agent] -- Wallclock = 2026-05-05 17:49:19.694 -- System time = 58.996 -- Game time = 15.850 -- Ratio = 0.269x
=== [Agent] -- Wallclock = 2026-05-05 17:49:19.877 -- System time = 59.179 -- Game time = 15.900 -- Ratio = 0.269x
=== [Agent] -- Wallclock = 2026-05-05 17:49:20.067 -- System time = 59.369 -- Game time = 15.950 -- Ratio = 0.269x
=== [Agent] -- Wallclock = 2026-05-05 17:49:20.260 -- System time = 59.562 -- Game time = 16.000 -- Ratio = 0.269x
=== [Agent] -- Wallclock = 2026-05-05 17:49:20.445 -- System time = 59.747 -- Game time = 16.050 -- Ratio = 0.269x
=== [Agent] -- Wallclock = 2026-05-05 17:49:20.662 -- System time = 59.964 -- Game time = 16.100 -- Ratio = 0.268x
=== [Agent] -- Wallclock = 2026-05-05 17:49:20.920 -- System time = 60.222 -- Game time = 16.150 -- Ratio = 0.268x
=== [Agent] -- Wallclock = 2026-05-05 17:49:21.106 -- System time = 60.408 -- Game time = 16.200 -- Ratio = 0.268x
=== [Agent] -- Wallclock = 2026-05-05 17:49:21.298 -- System time = 60.600 -- Game time = 16.250 -- Ratio = 0.268x
=== [Agent] -- Wallclock = 2026-05-05 17:49:21.496 -- System time = 60.798 -- Game time = 16.300 -- Ratio = 0.268x
=== [Agent] -- Wallclock = 2026-05-05 17:49:21.688 -- System time = 60.990 -- Game time = 16.350 -- Ratio = 0.268x
=== [Agent] -- Wallclock = 2026-05-05 17:49:21.892 -- System time = 61.193 -- Game time = 16.400 -- Ratio = 0.268x
=== [Agent] -- Wallclock = 2026-05-05 17:49:22.102 -- System time = 61.404 -- Game time = 16.450 -- Ratio = 0.268x
=== [Agent] -- Wallclock = 2026-05-05 17:49:22.378 -- System time = 61.680 -- Game time = 16.500 -- Ratio = 0.268x
=== [Agent] -- Wallclock = 2026-05-05 17:49:22.630 -- System time = 61.932 -- Game time = 16.550 -- Ratio = 0.267x
=== [Agent] -- Wallclock = 2026-05-05 17:49:22.849 -- System time = 62.150 -- Game time = 16.600 -- Ratio = 0.267x
=== [Agent] -- Wallclock = 2026-05-05 17:49:23.049 -- System time = 62.351 -- Game time = 16.650 -- Ratio = 0.267x
=== [Agent] -- Wallclock = 2026-05-05 17:49:23.253 -- System time = 62.555 -- Game time = 16.700 -- Ratio = 0.267x
=== [Agent] -- Wallclock = 2026-05-05 17:49:23.460 -- System time = 62.762 -- Game time = 16.750 -- Ratio = 0.267x
=== [Agent] -- Wallclock = 2026-05-05 17:49:23.651 -- System time = 62.952 -- Game time = 16.800 -- Ratio = 0.267x
=== [Agent] -- Wallclock = 2026-05-05 17:49:23.836 -- System time = 63.138 -- Game time = 16.850 -- Ratio = 0.267x
=== [Agent] -- Wallclock = 2026-05-05 17:49:24.030 -- System time = 63.332 -- Game time = 16.900 -- Ratio = 0.267x
=== [Agent] -- Wallclock = 2026-05-05 17:49:24.235 -- System time = 63.537 -- Game time = 16.950 -- Ratio = 0.267x
=== [Agent] -- Wallclock = 2026-05-05 17:49:24.422 -- System time = 63.724 -- Game time = 17.000 -- Ratio = 0.267x
=== [Agent] -- Wallclock = 2026-05-05 17:49:24.640 -- System time = 63.942 -- Game time = 17.050 -- Ratio = 0.267x
=== [Agent] -- Wallclock = 2026-05-05 17:49:24.878 -- System time = 64.180 -- Game time = 17.100 -- Ratio = 0.266x
=== [Agent] -- Wallclock = 2026-05-05 17:49:25.156 -- System time = 64.458 -- Game time = 17.150 -- Ratio = 0.266x
=== [Agent] -- Wallclock = 2026-05-05 17:49:25.390 -- System time = 64.691 -- Game time = 17.200 -- Ratio = 0.266x
=== [Agent] -- Wallclock = 2026-05-05 17:49:25.607 -- System time = 64.909 -- Game time = 17.250 -- Ratio = 0.266x
=== [Agent] -- Wallclock = 2026-05-05 17:49:25.856 -- System time = 65.157 -- Game time = 17.300 -- Ratio = 0.266x
=== [Agent] -- Wallclock = 2026-05-05 17:49:26.073 -- System time = 65.374 -- Game time = 17.350 -- Ratio = 0.265x
=== [Agent] -- Wallclock = 2026-05-05 17:49:26.303 -- System time = 65.605 -- Game time = 17.400 -- Ratio = 0.265x
=== [Agent] -- Wallclock = 2026-05-05 17:49:26.537 -- System time = 65.839 -- Game time = 17.450 -- Ratio = 0.265x
=== [Agent] -- Wallclock = 2026-05-05 17:49:26.770 -- System time = 66.072 -- Game time = 17.500 -- Ratio = 0.265x
=== [Agent] -- Wallclock = 2026-05-05 17:49:27.010 -- System time = 66.312 -- Game time = 17.550 -- Ratio = 0.265x
=== [Agent] -- Wallclock = 2026-05-05 17:49:27.266 -- System time = 66.567 -- Game time = 17.600 -- Ratio = 0.264x
=== [Agent] -- Wallclock = 2026-05-05 17:49:27.498 -- System time = 66.800 -- Game time = 17.650 -- Ratio = 0.264x
=== [Agent] -- Wallclock = 2026-05-05 17:49:27.734 -- System time = 67.036 -- Game time = 17.700 -- Ratio = 0.264x
=== [Agent] -- Wallclock = 2026-05-05 17:49:27.962 -- System time = 67.264 -- Game time = 17.750 -- Ratio = 0.264x
=== [Agent] -- Wallclock = 2026-05-05 17:49:28.186 -- System time = 67.488 -- Game time = 17.800 -- Ratio = 0.264x
=== [Agent] -- Wallclock = 2026-05-05 17:49:28.419 -- System time = 67.721 -- Game time = 17.850 -- Ratio = 0.264x
=== [Agent] -- Wallclock = 2026-05-05 17:49:28.647 -- System time = 67.949 -- Game time = 17.900 -- Ratio = 0.263x
=== [Agent] -- Wallclock = 2026-05-05 17:49:28.854 -- System time = 68.156 -- Game time = 17.950 -- Ratio = 0.263x
=== [Agent] -- Wallclock = 2026-05-05 17:49:29.059 -- System time = 68.361 -- Game time = 18.000 -- Ratio = 0.263x
=== [Agent] -- Wallclock = 2026-05-05 17:49:29.266 -- System time = 68.568 -- Game time = 18.050 -- Ratio = 0.263x
=== [Agent] -- Wallclock = 2026-05-05 17:49:29.514 -- System time = 68.816 -- Game time = 18.100 -- Ratio = 0.263x
=== [Agent] -- Wallclock = 2026-05-05 17:49:29.728 -- System time = 69.030 -- Game time = 18.150 -- Ratio = 0.263x
=== [Agent] -- Wallclock = 2026-05-05 17:49:29.936 -- System time = 69.238 -- Game time = 18.200 -- Ratio = 0.263x
=== [Agent] -- Wallclock = 2026-05-05 17:49:30.148 -- System time = 69.450 -- Game time = 18.250 -- Ratio = 0.263x
=== [Agent] -- Wallclock = 2026-05-05 17:49:30.361 -- System time = 69.663 -- Game time = 18.300 -- Ratio = 0.263x
=== [Agent] -- Wallclock = 2026-05-05 17:49:30.573 -- System time = 69.875 -- Game time = 18.350 -- Ratio = 0.263x
=== [Agent] -- Wallclock = 2026-05-05 17:49:30.781 -- System time = 70.083 -- Game time = 18.400 -- Ratio = 0.263x
=== [Agent] -- Wallclock = 2026-05-05 17:49:31.011 -- System time = 70.313 -- Game time = 18.450 -- Ratio = 0.262x
=== [Agent] -- Wallclock = 2026-05-05 17:49:31.226 -- System time = 70.528 -- Game time = 18.500 -- Ratio = 0.262x
=== [Agent] -- Wallclock = 2026-05-05 17:49:31.438 -- System time = 70.739 -- Game time = 18.550 -- Ratio = 0.262x
=== [Agent] -- Wallclock = 2026-05-05 17:49:31.686 -- System time = 70.988 -- Game time = 18.600 -- Ratio = 0.262x
=== [Agent] -- Wallclock = 2026-05-05 17:49:31.909 -- System time = 71.211 -- Game time = 18.650 -- Ratio = 0.262x
=== [Agent] -- Wallclock = 2026-05-05 17:49:32.267 -- System time = 71.569 -- Game time = 18.700 -- Ratio = 0.261x
=== [Agent] -- Wallclock = 2026-05-05 17:49:32.506 -- System time = 71.808 -- Game time = 18.750 -- Ratio = 0.261x
=== [Agent] -- Wallclock = 2026-05-05 17:49:32.731 -- System time = 72.033 -- Game time = 18.800 -- Ratio = 0.261x
=== [Agent] -- Wallclock = 2026-05-05 17:49:32.936 -- System time = 72.237 -- Game time = 18.850 -- Ratio = 0.261x
=== [Agent] -- Wallclock = 2026-05-05 17:49:33.160 -- System time = 72.462 -- Game time = 18.900 -- Ratio = 0.261x
=== [Agent] -- Wallclock = 2026-05-05 17:49:33.377 -- System time = 72.679 -- Game time = 18.950 -- Ratio = 0.261x
=== [Agent] -- Wallclock = 2026-05-05 17:49:33.616 -- System time = 72.918 -- Game time = 19.000 -- Ratio = 0.261x
=== [Agent] -- Wallclock = 2026-05-05 17:49:33.839 -- System time = 73.141 -- Game time = 19.050 -- Ratio = 0.260x
=== [Agent] -- Wallclock = 2026-05-05 17:49:34.110 -- System time = 73.412 -- Game time = 19.100 -- Ratio = 0.260x
=== [Agent] -- Wallclock = 2026-05-05 17:49:34.336 -- System time = 73.638 -- Game time = 19.150 -- Ratio = 0.260x
=== [Agent] -- Wallclock = 2026-05-05 17:49:34.558 -- System time = 73.860 -- Game time = 19.200 -- Ratio = 0.260x
=== [Agent] -- Wallclock = 2026-05-05 17:49:34.800 -- System time = 74.102 -- Game time = 19.250 -- Ratio = 0.260x
=== [Agent] -- Wallclock = 2026-05-05 17:49:35.014 -- System time = 74.316 -- Game time = 19.300 -- Ratio = 0.260x
=== [Agent] -- Wallclock = 2026-05-05 17:49:35.254 -- System time = 74.556 -- Game time = 19.350 -- Ratio = 0.260x
=== [Agent] -- Wallclock = 2026-05-05 17:49:35.478 -- System time = 74.780 -- Game time = 19.400 -- Ratio = 0.259x
=== [Agent] -- Wallclock = 2026-05-05 17:49:35.704 -- System time = 75.006 -- Game time = 19.450 -- Ratio = 0.259x
=== [Agent] -- Wallclock = 2026-05-05 17:49:35.932 -- System time = 75.234 -- Game time = 19.500 -- Ratio = 0.259x
=== [Agent] -- Wallclock = 2026-05-05 17:49:36.159 -- System time = 75.461 -- Game time = 19.550 -- Ratio = 0.259x
=== [Agent] -- Wallclock = 2026-05-05 17:49:36.432 -- System time = 75.734 -- Game time = 19.600 -- Ratio = 0.259x
=== [Agent] -- Wallclock = 2026-05-05 17:49:36.651 -- System time = 75.953 -- Game time = 19.650 -- Ratio = 0.259x
=== [Agent] -- Wallclock = 2026-05-05 17:49:36.880 -- System time = 76.181 -- Game time = 19.700 -- Ratio = 0.259x
=== [Agent] -- Wallclock = 2026-05-05 17:49:37.105 -- System time = 76.407 -- Game time = 19.750 -- Ratio = 0.258x
=== [Agent] -- Wallclock = 2026-05-05 17:49:37.457 -- System time = 76.759 -- Game time = 19.800 -- Ratio = 0.258x
=== [Agent] -- Wallclock = 2026-05-05 17:49:37.693 -- System time = 76.995 -- Game time = 19.850 -- Ratio = 0.258x
=== [Agent] -- Wallclock = 2026-05-05 17:49:37.945 -- System time = 77.247 -- Game time = 19.900 -- Ratio = 0.258x
=== [Agent] -- Wallclock = 2026-05-05 17:49:38.166 -- System time = 77.468 -- Game time = 19.950 -- Ratio = 0.258x
=== [Agent] -- Wallclock = 2026-05-05 17:49:38.395 -- System time = 77.697 -- Game time = 20.000 -- Ratio = 0.257x
=== [Agent] -- Wallclock = 2026-05-05 17:49:38.629 -- System time = 77.931 -- Game time = 20.050 -- Ratio = 0.257x
=== [Agent] -- Wallclock = 2026-05-05 17:49:38.959 -- System time = 78.260 -- Game time = 20.100 -- Ratio = 0.257x
=== [Agent] -- Wallclock = 2026-05-05 17:49:39.200 -- System time = 78.502 -- Game time = 20.150 -- Ratio = 0.257x
=== [Agent] -- Wallclock = 2026-05-05 17:49:39.458 -- System time = 78.760 -- Game time = 20.200 -- Ratio = 0.256x
