{
  "status": "blocked",
  "plan_path": "/workspace/0xDriver/tickets/TASK-054B/artifacts/docker-route-plan-town10-speedlimit/fail2drive_video_smoke_plan.json",
  "run_dir": "/workspace/0xDriver/tickets/TASK-054B/artifacts/docker-route-run-town10-speedlimit",
  "command": [
    "python",
    "/workspace/fail2drive/leaderboard/leaderboard/leaderboard_evaluator_local.py",
    "--routes",
    "/workspace/fail2drive/scenario_runner/srunner/data/routes_town10.xml",
    "--repetitions",
    "1",
    "--track",
    "MAP",
    "--checkpoint",
    "/workspace/0xDriver/tickets/TASK-054B/artifacts/docker-route-plan-town10-speedlimit/fail2drive_outputs/routes_town10_res.json",
    "--debug-checkpoint",
    "/workspace/0xDriver/tickets/TASK-054B/artifacts/docker-route-plan-town10-speedlimit/fail2drive_outputs/routes_town10_debug.txt",
    "--timeout",
    "300",
    "--agent",
    "/workspace/fail2drive/team_code/viz_path_agent.py",
    "--host",
    "host.docker.internal",
    "--port",
    "2000"
  ],
  "cwd": "/workspace/fail2drive",
  "env": {
    "CARLA_HOST": "host.docker.internal",
    "CARLA_PORT": "2000",
    "FAIL2DRIVE_ROOT": "/workspace/fail2drive",
    "DRIVERX_METHOD_NAME": "DriverXRouteSmoke",
    "REPETITION": "0",
    "SAVE_PATH": "/workspace/0xDriver/tickets/TASK-054B/artifacts/docker-route-plan-town10-speedlimit/fail2drive_outputs/visualizations",
    "SCENARIO_RUNNER_ROOT": "/workspace/fail2drive/scenario_runner",
    "TOWN": "Town10HD_Opt",
    "VIZ_PATH": "/workspace/0xDriver/tickets/TASK-054B/artifacts/docker-route-plan-town10-speedlimit/fail2drive_outputs/visualizations/routes_town10/rgb",
    "LIVE_VISU": "1"
  },
  "dry_run": false,
  "timeout_s": 90.0,
  "started_at_monotonic_s": 539209.288931523,
  "finished_at_monotonic_s": 539299.327188855,
  "duration_s": 90.038257,
  "exit_code": null,
  "stdout_path": "/workspace/0xDriver/tickets/TASK-054B/artifacts/docker-route-run-town10-speedlimit/logs/fail2drive_route.stdout.log",
  "stderr_path": "/workspace/0xDriver/tickets/TASK-054B/artifacts/docker-route-run-town10-speedlimit/logs/fail2drive_route.stderr.log",
  "expected_outputs": [
    {
      "label": "result",
      "path": "/workspace/0xDriver/tickets/TASK-054B/artifacts/docker-route-plan-town10-speedlimit/fail2drive_outputs/routes_town10_res.json",
      "exists": true,
      "size_bytes": 361
    },
    {
      "label": "debug",
      "path": "/workspace/0xDriver/tickets/TASK-054B/artifacts/docker-route-plan-town10-speedlimit/fail2drive_outputs/routes_town10_debug.txt",
      "exists": false,
      "size_bytes": null
    },
    {
      "label": "save_path",
      "path": "/workspace/0xDriver/tickets/TASK-054B/artifacts/docker-route-plan-town10-speedlimit/fail2drive_outputs/visualizations",
      "exists": true,
      "size_bytes": null
    },
    {
      "label": "rgb_folder",
      "path": "/workspace/0xDriver/tickets/TASK-054B/artifacts/docker-route-plan-town10-speedlimit/fail2drive_outputs/visualizations/routes_town10/rgb",
      "exists": true,
      "size_bytes": null
    },
    {
      "label": "video",
      "path": "/workspace/0xDriver/tickets/TASK-054B/artifacts/docker-route-plan-town10-speedlimit/fail2drive_outputs/routes_town10.mp4",
      "exists": false,
      "size_bytes": null
    }
  ],
  "route_blockers": [
    "Fail2Drive route command timed out."
  ],
  "error": "Timed out after 90.0 seconds.",
  "json_path": "tickets/TASK-054B/artifacts/docker-route-run-town10-speedlimit/fail2drive_route_run.json",
  "report_path": "tickets/TASK-054B/artifacts/docker-route-run-town10-speedlimit/fail2drive_route_run.md"
}
